Archive member included because of file (symbol)

c:/program files (x86)/microchip/xc32/v1.44/bin/bin/../../lib/gcc/pic32mx/4.8.3/../../../../pic32mx/lib/fpu64\libpic32.a(memcpy.o)
                              build/default/debug/modbus.o (memcpy)
c:/program files (x86)/microchip/xc32/v1.44/bin/bin/../../lib/gcc/pic32mx/4.8.3/../../../../pic32mx/lib/fpu64\libpic32.a(memset.o)
                              build/default/debug/Control.o (memset)
c:/program files (x86)/microchip/xc32/v1.44/bin/bin/../../lib/gcc/pic32mx/4.8.3/../../../../pic32mx/lib/fpu64\libpic32.a(default-bootstrap-exception-handler.o)
                              c:/program files (x86)/microchip/xc32/v1.44/bin/bin/../../lib/gcc/pic32mx/4.8.3/../../../../pic32mx/lib/./proc/32MZ1024EFH100/crt0_mips32r2.o (_bootstrap_exception_handler)
c:/program files (x86)/microchip/xc32/v1.44/bin/bin/../../lib/gcc/pic32mx/4.8.3/../../../../pic32mx/lib/fpu64\libpic32.a(default-on-reset.o)
                              c:/program files (x86)/microchip/xc32/v1.44/bin/bin/../../lib/gcc/pic32mx/4.8.3/../../../../pic32mx/lib/./proc/32MZ1024EFH100/crt0_mips32r2.o (_on_reset)
c:/program files (x86)/microchip/xc32/v1.44/bin/bin/../../lib/gcc/pic32mx/4.8.3/../../../../pic32mx/lib/fpu64\libpic32.a(default-on-bootstrap.o)
                              c:/program files (x86)/microchip/xc32/v1.44/bin/bin/../../lib/gcc/pic32mx/4.8.3/../../../../pic32mx/lib/./proc/32MZ1024EFH100/crt0_mips32r2.o (_on_bootstrap)
c:/program files (x86)/microchip/xc32/v1.44/bin/bin/../../lib/gcc/pic32mx/4.8.3/../../../../pic32mx/lib/fpu64\libpic32.a(default-nmi-handler.o)
                              c:/program files (x86)/microchip/xc32/v1.44/bin/bin/../../lib/gcc/pic32mx/4.8.3/../../../../pic32mx/lib/./proc/32MZ1024EFH100/crt0_mips32r2.o (_nmi_handler)
c:/program files (x86)/microchip/xc32/v1.44/bin/bin/../../lib/gcc/pic32mx/4.8.3/../../../../pic32mx/lib/fpu64\libpic32.a(pic32_init_cache.o)
                              c:/program files (x86)/microchip/xc32/v1.44/bin/bin/../../lib/gcc/pic32mx/4.8.3/../../../../pic32mx/lib/./proc/32MZ1024EFH100/crt0_mips32r2.o (__pic32_init_cache)
c:/program files (x86)/microchip/xc32/v1.44/bin/bin/../../lib/gcc/pic32mx/4.8.3/../../../../pic32mx/lib/fpu64\libpic32.a(pic32_init_tlb_ebi_sqi.o)
                              c:/program files (x86)/microchip/xc32/v1.44/bin/bin/../../lib/gcc/pic32mx/4.8.3/../../../../pic32mx/lib/./proc/32MZ1024EFH100/crt0_mips32r2.o (__pic32_tlb_init_ebi_sqi)
c:/program files (x86)/microchip/xc32/v1.44/bin/bin/../../lib/gcc/pic32mx/4.8.3/../../../../pic32mx/lib/fpu64\libpic32.a(general-exception.o)
                              c:/program files (x86)/microchip/xc32/v1.44/bin/bin/../../lib/gcc/pic32mx/4.8.3/../../../../pic32mx/lib/./proc/32MZ1024EFH100/crt0_mips32r2.o (_general_exception_context)
c:/program files (x86)/microchip/xc32/v1.44/bin/bin/../../lib/gcc/pic32mx/4.8.3/../../../../pic32mx/lib/fpu64\libpic32.a(cache-err-exception.o)
                              c:/program files (x86)/microchip/xc32/v1.44/bin/bin/../../lib/gcc/pic32mx/4.8.3/../../../../pic32mx/lib/./proc/32MZ1024EFH100/crt0_mips32r2.o (_cache_err_exception_context)
c:/program files (x86)/microchip/xc32/v1.44/bin/bin/../../lib/gcc/pic32mx/4.8.3/../../../../pic32mx/lib/fpu64\libpic32.a(simple-tlb-refill-exception.o)
                              c:/program files (x86)/microchip/xc32/v1.44/bin/bin/../../lib/gcc/pic32mx/4.8.3/../../../../pic32mx/lib/./proc/32MZ1024EFH100/crt0_mips32r2.o (_simple_tlb_refill_exception_context)
c:/program files (x86)/microchip/xc32/v1.44/bin/bin/../../lib/gcc/pic32mx/4.8.3/../../../../pic32mx/lib/fpu64\libpic32.a(defaultinterrupt.o)
                              c:/program files (x86)/microchip/xc32/v1.44/bin/bin/../../lib/gcc/pic32mx/4.8.3/../../../../pic32mx/lib/./proc/32MZ1024EFH100\default_isr_vectors.o (_DefaultInterrupt)
c:/program files (x86)/microchip/xc32/v1.44/bin/bin/../../lib/gcc/pic32mx/4.8.3/../../../../pic32mx/lib/fpu64\libpic32.a(default-general-exception-handler.o)
                              c:/program files (x86)/microchip/xc32/v1.44/bin/bin/../../lib/gcc/pic32mx/4.8.3/../../../../pic32mx/lib/fpu64\libpic32.a(general-exception.o) (_general_exception_handler)
c:/program files (x86)/microchip/xc32/v1.44/bin/bin/../../lib/gcc/pic32mx/4.8.3/../../../../pic32mx/lib/fpu64\libpic32.a(default-cache-err-exception-handler.o)
                              c:/program files (x86)/microchip/xc32/v1.44/bin/bin/../../lib/gcc/pic32mx/4.8.3/../../../../pic32mx/lib/fpu64\libpic32.a(cache-err-exception.o) (_cache_err_exception_handler)
c:/program files (x86)/microchip/xc32/v1.44/bin/bin/../../lib/gcc/pic32mx/4.8.3/../../../../pic32mx/lib/fpu64\libpic32.a(default-simple-tlb-refill-exception-handler.o)
                              c:/program files (x86)/microchip/xc32/v1.44/bin/bin/../../lib/gcc/pic32mx/4.8.3/../../../../pic32mx/lib/fpu64\libpic32.a(simple-tlb-refill-exception.o) (_simple_tlb_refill_exception_handler)

[...]
Memory Configuration

Name             Origin             Length             Attributes
kseg0_data_mem   0x80000000         0x00080000         w !x
kseg1_data_mem   0xa0000000         0x00000380
kseg0_program_mem 0x9d000000         0x00100000         xr
kseg0_boot_mem   0x9fc004b0         0x00000000
kseg1_boot_mem   0xbfc00000         0x00000480
kseg1_boot_mem_4B0 0xbfc004b0         0x0000fa50
config_BFC0FF40  0xbfc0ff40         0x00000004
config_BFC0FF44  0xbfc0ff44         0x00000004
config_BFC0FF48  0xbfc0ff48         0x00000004
config_BFC0FF4C  0xbfc0ff4c         0x00000004
config_BFC0FF50  0xbfc0ff50         0x00000004
config_BFC0FF54  0xbfc0ff54         0x00000004
config_BFC0FF58  0xbfc0ff58         0x00000004
config_BFC0FF5C  0xbfc0ff5c         0x00000004
config_BFC0FF60  0xbfc0ff60         0x00000004
config_BFC0FF64  0xbfc0ff64         0x00000004
config_BFC0FF68  0xbfc0ff68         0x00000004
config_BFC0FF6C  0xbfc0ff6c         0x00000004
config_BFC0FF70  0xbfc0ff70         0x00000004
config_BFC0FF74  0xbfc0ff74         0x00000004
config_BFC0FF78  0xbfc0ff78         0x00000004
config_BFC0FF7C  0xbfc0ff7c         0x00000004
config_BFC0FFC0  0xbfc0ffc0         0x00000004
config_BFC0FFC4  0xbfc0ffc4         0x00000004
config_BFC0FFC8  0xbfc0ffc8         0x00000004
config_BFC0FFCC  0xbfc0ffcc         0x00000004
config_BFC0FFD0  0xbfc0ffd0         0x00000004
config_BFC0FFD4  0xbfc0ffd4         0x00000004
config_BFC0FFD8  0xbfc0ffd8         0x00000004
config_BFC0FFDC  0xbfc0ffdc         0x00000004
config_BFC0FFE0  0xbfc0ffe0         0x00000004
config_BFC0FFE4  0xbfc0ffe4         0x00000004
config_BFC0FFE8  0xbfc0ffe8         0x00000004
config_BFC0FFEC  0xbfc0ffec         0x00000004
config_BFC0FFF0  0xbfc0fff0         0x00000004
config_BFC0FFF4  0xbfc0fff4         0x00000004
config_BFC0FFF8  0xbfc0fff8         0x00000004
config_BFC0FFFC  0xbfc0fffc         0x00000004
lowerbootaliaslastpage 0xbfc10000         0x00004000
upperbootalias   0xbfc20000         0x0000ff00
config_BFC2FF40  0xbfc2ff40         0x00000004
config_BFC2FF44  0xbfc2ff44         0x00000004
config_BFC2FF48  0xbfc2ff48         0x00000004
config_BFC2FF4C  0xbfc2ff4c         0x00000004
config_BFC2FF50  0xbfc2ff50         0x00000004
config_BFC2FF54  0xbfc2ff54         0x00000004
config_BFC2FF58  0xbfc2ff58         0x00000004
config_BFC2FF5C  0xbfc2ff5c         0x00000004
config_BFC2FF60  0xbfc2ff60         0x00000004
config_BFC2FF64  0xbfc2ff64         0x00000004
config_BFC2FF68  0xbfc2ff68         0x00000004
config_BFC2FF6C  0xbfc2ff6c         0x00000004
config_BFC2FF70  0xbfc2ff70         0x00000004
config_BFC2FF74  0xbfc2ff74         0x00000004
config_BFC2FF78  0xbfc2ff78         0x00000004
config_BFC2FF7C  0xbfc2ff7c         0x00000004
config_BFC2FFC0  0xbfc2ffc0         0x00000004
config_BFC2FFC4  0xbfc2ffc4         0x00000004
config_BFC2FFC8  0xbfc2ffc8         0x00000004
config_BFC2FFCC  0xbfc2ffcc         0x00000004
config_BFC2FFD0  0xbfc2ffd0         0x00000004
config_BFC2FFD4  0xbfc2ffd4         0x00000004
config_BFC2FFD8  0xbfc2ffd8         0x00000004
config_BFC2FFDC  0xbfc2ffdc         0x00000004
config_BFC2FFE0  0xbfc2ffe0         0x00000004
config_BFC2FFE4  0xbfc2ffe4         0x00000004
config_BFC2FFE8  0xbfc2ffe8         0x00000004
config_BFC2FFEC  0xbfc2ffec         0x00000004
config_BFC2FFF0  0xbfc2fff0         0x00000004
config_BFC2FFF4  0xbfc2fff4         0x00000004
config_BFC2FFF8  0xbfc2fff8         0x00000004
config_BFC2FFFC  0xbfc2fffc         0x00000004
upperbootaliaslastpage 0xbfc30000         0x00004000
boot1            0xbfc40000         0x0000ff00
config_BFC4FF40  0xbfc4ff40         0x00000004
config_BFC4FF44  0xbfc4ff44         0x00000004
config_BFC4FF48  0xbfc4ff48         0x00000004
config_BFC4FF4C  0xbfc4ff4c         0x00000004
config_BFC4FF50  0xbfc4ff50         0x00000004
config_BFC4FF54  0xbfc4ff54         0x00000004
config_BFC4FF58  0xbfc4ff58         0x00000004
config_BFC4FF5C  0xbfc4ff5c         0x00000004
config_BFC4FF60  0xbfc4ff60         0x00000004
config_BFC4FF64  0xbfc4ff64         0x00000004
config_BFC4FF68  0xbfc4ff68         0x00000004
config_BFC4FF6C  0xbfc4ff6c         0x00000004
config_BFC4FF70  0xbfc4ff70         0x00000004
config_BFC4FF74  0xbfc4ff74         0x00000004
config_BFC4FF78  0xbfc4ff78         0x00000004
config_BFC4FF7C  0xbfc4ff7c         0x00000004
config_BFC4FFC0  0xbfc4ffc0         0x00000004
config_BFC4FFC4  0xbfc4ffc4         0x00000004
config_BFC4FFC8  0xbfc4ffc8         0x00000004
config_BFC4FFCC  0xbfc4ffcc         0x00000004
config_BFC4FFD0  0xbfc4ffd0         0x00000004
config_BFC4FFD4  0xbfc4ffd4         0x00000004
config_BFC4FFD8  0xbfc4ffd8         0x00000004
config_BFC4FFDC  0xbfc4ffdc         0x00000004
config_BFC4FFE0  0xbfc4ffe0         0x00000004
config_BFC4FFE4  0xbfc4ffe4         0x00000004
config_BFC4FFE8  0xbfc4ffe8         0x00000004
config_BFC4FFEC  0xbfc4ffec         0x00000004
config_BFC4FFF0  0xbfc4fff0         0x00000004
config_BFC4FFF4  0xbfc4fff4         0x00000004
config_BFC4FFF8  0xbfc4fff8         0x00000004
config_BFC4FFFC  0xbfc4fffc         0x00000004
boot1lastpage    0xbfc50000         0x00004000
config_BFC54000  0xbfc54000         0x00000004
config_BFC54004  0xbfc54004         0x00000004
config_BFC54008  0xbfc54008         0x00000004
config_BFC5400C  0xbfc5400c         0x00000004
config_BFC54010  0xbfc54010         0x00000004
config_BFC5401C  0xbfc5401c         0x00000004
config_BFC54020  0xbfc54020         0x00000004
config_BFC54024  0xbfc54024         0x00000004
boot2            0xbfc60000         0x0000ff00
config_BFC6FF40  0xbfc6ff40         0x00000004
config_BFC6FF44  0xbfc6ff44         0x00000004
config_BFC6FF48  0xbfc6ff48         0x00000004
config_BFC6FF4C  0xbfc6ff4c         0x00000004
config_BFC6FF50  0xbfc6ff50         0x00000004
config_BFC6FF54  0xbfc6ff54         0x00000004
config_BFC6FF58  0xbfc6ff58         0x00000004
config_BFC6FF5C  0xbfc6ff5c         0x00000004
config_BFC6FF60  0xbfc6ff60         0x00000004
config_BFC6FF64  0xbfc6ff64         0x00000004
config_BFC6FF68  0xbfc6ff68         0x00000004
config_BFC6FF6C  0xbfc6ff6c         0x00000004
config_BFC6FF70  0xbfc6ff70         0x00000004
config_BFC6FF74  0xbfc6ff74         0x00000004
config_BFC6FF78  0xbfc6ff78         0x00000004
config_BFC6FF7C  0xbfc6ff7c         0x00000004
config_BFC6FFC0  0xbfc6ffc0         0x00000004
config_BFC6FFC4  0xbfc6ffc4         0x00000004
config_BFC6FFC8  0xbfc6ffc8         0x00000004
config_BFC6FFCC  0xbfc6ffcc         0x00000004
config_BFC6FFD0  0xbfc6ffd0         0x00000004
config_BFC6FFD4  0xbfc6ffd4         0x00000004
config_BFC6FFD8  0xbfc6ffd8         0x00000004
config_BFC6FFDC  0xbfc6ffdc         0x00000004
config_BFC6FFE0  0xbfc6ffe0         0x00000004
config_BFC6FFE4  0xbfc6ffe4         0x00000004
config_BFC6FFE8  0xbfc6ffe8         0x00000004
config_BFC6FFEC  0xbfc6ffec         0x00000004
config_BFC6FFF0  0xbfc6fff0         0x00000004
config_BFC6FFF4  0xbfc6fff4         0x00000004
config_BFC6FFF8  0xbfc6fff8         0x00000004
config_BFC6FFFC  0xbfc6fffc         0x00000004
boot2lastpage    0xbfc70000         0x00004000
sfrs             0xbf800000         0x00100000
configsfrs_BFC0FF40 0xbfc0ff40         0x00000040
configsfrs_BFC0FFC0 0xbfc0ffc0         0x00000040
configsfrs_BFC2FF40 0xbfc2ff40         0x00000040
configsfrs_BFC2FFC0 0xbfc2ffc0         0x00000040
configsfrs_BFC4FF40 0xbfc4ff40         0x00000040
configsfrs_BFC4FFC0 0xbfc4ffc0         0x00000040
configsfrs_BFC54000 0xbfc54000         0x00000020
configsfrs_BFC6FF40 0xbfc6ff40         0x00000040
configsfrs_BFC6FFC0 0xbfc6ffc0         0x00000040
kseg2_ebi_data_mem 0xc0000000         0x04000000
kseg2_sqi_data_mem 0xd0000000         0x04000000
kseg3_ebi_data_mem 0xe0000000         0x04000000
kseg3_sqi_data_mem 0xf0000000         0x04000000
*default*        0x00000000         0xffffffff

Linker script and memory map


reserve_data_0_kseg0
                0x80000000      0x380
                0x80000000        0x2 SHORT 0x0
                0x00000380                . = 0x380
 *fill*         0x80000002      0x37e 
                0x80000380                . = ALIGN (0x4)

reserve_data_0_kseg1
                0xa0000000      0x380
                0xa0000000        0x2 SHORT 0x0
                0x00000380                . = 0x380
 *fill*         0xa0000002      0x37e 
                0xa0000380                . = ALIGN (0x4)
LOAD c:/program files (x86)/microchip/xc32/v1.44/bin/bin/../../lib/gcc/pic32mx/4.8.3/../../../../pic32mx/lib/./proc/32MZ1024EFH100/crt0_mips32r2.o
LOAD c:/program files (x86)/microchip/xc32/v1.44/bin/bin/../../lib/gcc/pic32mx/4.8.3/../../../../pic32mx/lib/fpu64\software-debug-break.o
LOAD build/default/debug/main.o
LOAD build/default/debug/init.o
LOAD build/default/debug/interupt.o
LOAD build/default/debug/modbus.o
LOAD build/default/debug/interrupt_proc.o
LOAD build/default/debug/ramtron_drv.o
LOAD build/default/debug/Control.o
                0x00000001                __MPLAB_BUILD = 0x1
                0x00000001                __MPLAB_DEBUG = 0x1
                0x00000001                __DEBUG = 0x1
                0x00000001                __MPLAB_DEBUGGER_PK3 = 0x1
LOAD c:/program files (x86)/microchip/xc32/v1.44/bin/bin/../../lib/gcc/pic32mx/4.8.3/../../../../pic32mx/lib/./proc/32MZ1024EFH100\default_isr_vectors.o
LOAD c:/program files (x86)/microchip/xc32/v1.44/bin/bin/../../lib/gcc/pic32mx/4.8.3/../../../../pic32mx/lib/fpu64\pic32_software_reset.o
                0x00000400                PROVIDE (_min_stack_size, 0x400)
LOAD c:/program files (x86)/microchip/xc32/v1.44/bin/bin/../../lib/gcc/pic32mx/4.8.3/../../../../pic32mx/lib/./proc/32MZ1024EFH100\processor.o
START GROUP
LOAD c:/program files (x86)/microchip/xc32/v1.44/bin/bin/../../lib/gcc/pic32mx/4.8.3/../../../../pic32mx/lib/./proc/32MZ1024EFH100\vector_offset_init.o
END GROUP
                0x00000001                PROVIDE (_vector_spacing, 0x1)
                0x9d000000                PROVIDE (_ebase_address, 0x9d000000)
                0xbfc00000                _RESET_ADDR = 0xbfc00000
                0xbfc00380                _BEV_EXCPT_ADDR = 0xbfc00380
                0xbfc00480                _DBG_EXCPT_ADDR = 0xbfc00480
                0x9d000000                _SIMPLE_TLB_REFILL_EXCPT_ADDR = (_ebase_address + 0x0)
                0x9d000100                _CACHE_ERR_EXCPT_ADDR = (_ebase_address + 0x100)
                0x9d000180                _GEN_EXCPT_ADDR = (_ebase_address + 0x180)

.config_BFC0FF40
 *(.config_BFC0FF40)

.config_BFC0FF44
 *(.config_BFC0FF44)

.config_BFC0FF48
 *(.config_BFC0FF48)

.config_BFC0FF4C
 *(.config_BFC0FF4C)

.config_BFC0FF50
 *(.config_BFC0FF50)

.config_BFC0FF54
 *(.config_BFC0FF54)

.config_BFC0FF58
 *(.config_BFC0FF58)

.config_BFC0FF5C
 *(.config_BFC0FF5C)

.config_BFC0FF60
 *(.config_BFC0FF60)

.config_BFC0FF64
 *(.config_BFC0FF64)

.config_BFC0FF68
 *(.config_BFC0FF68)

.config_BFC0FF6C
 *(.config_BFC0FF6C)

.config_BFC0FF70
 *(.config_BFC0FF70)

.config_BFC0FF74
 *(.config_BFC0FF74)

.config_BFC0FF78
 *(.config_BFC0FF78)

.config_BFC0FF7C
 *(.config_BFC0FF7C)

.config_BFC0FFC0
                0xbfc0ffc0        0x4
 *(.config_BFC0FFC0)
 .config_BFC0FFC0
                0xbfc0ffc0        0x4 build/default/debug/init.o

.config_BFC0FFC4
                0xbfc0ffc4        0x4
 *(.config_BFC0FFC4)
 .config_BFC0FFC4
                0xbfc0ffc4        0x4 build/default/debug/init.o

.config_BFC0FFC8
                0xbfc0ffc8        0x4
 *(.config_BFC0FFC8)
 .config_BFC0FFC8
                0xbfc0ffc8        0x4 build/default/debug/init.o

.config_BFC0FFCC
                0xbfc0ffcc        0x4
 *(.config_BFC0FFCC)
 .config_BFC0FFCC
                0xbfc0ffcc        0x4 build/default/debug/init.o

.config_BFC0FFD0
 *(.config_BFC0FFD0)

.config_BFC0FFD4
 *(.config_BFC0FFD4)

.config_BFC0FFD8
 *(.config_BFC0FFD8)

.config_BFC0FFDC
                0xbfc0ffdc        0x4
 *(.config_BFC0FFDC)
 .config_BFC0FFDC
                0xbfc0ffdc        0x4 build/default/debug/init.o

.config_BFC0FFE0
 *(.config_BFC0FFE0)

.config_BFC0FFE4
 *(.config_BFC0FFE4)

.config_BFC0FFE8
 *(.config_BFC0FFE8)

.config_BFC0FFEC
 *(.config_BFC0FFEC)

.config_BFC0FFF0
 *(.config_BFC0FFF0)

.config_BFC0FFF4
 *(.config_BFC0FFF4)

.config_BFC0FFF8
 *(.config_BFC0FFF8)

.config_BFC0FFFC
 *(.config_BFC0FFFC)

.config_BFC2FF40
 *(.config_BFC2FF40)

.config_BFC2FF44
 *(.config_BFC2FF44)

.config_BFC2FF48
 *(.config_BFC2FF48)

.config_BFC2FF4C
 *(.config_BFC2FF4C)

.config_BFC2FF50
 *(.config_BFC2FF50)

.config_BFC2FF54
 *(.config_BFC2FF54)

.config_BFC2FF58
 *(.config_BFC2FF58)

.config_BFC2FF5C
 *(.config_BFC2FF5C)

.config_BFC2FF60
 *(.config_BFC2FF60)

.config_BFC2FF64
 *(.config_BFC2FF64)

.config_BFC2FF68
 *(.config_BFC2FF68)

.config_BFC2FF6C
 *(.config_BFC2FF6C)

.config_BFC2FF70
 *(.config_BFC2FF70)

.config_BFC2FF74
 *(.config_BFC2FF74)

.config_BFC2FF78
 *(.config_BFC2FF78)

.config_BFC2FF7C
 *(.config_BFC2FF7C)

.config_BFC2FFC0
 *(.config_BFC2FFC0)

.config_BFC2FFC4
 *(.config_BFC2FFC4)

.config_BFC2FFC8
 *(.config_BFC2FFC8)

.config_BFC2FFCC
 *(.config_BFC2FFCC)

.config_BFC2FFD0
 *(.config_BFC2FFD0)

.config_BFC2FFD4
 *(.config_BFC2FFD4)

.config_BFC2FFD8
 *(.config_BFC2FFD8)

.config_BFC2FFDC
 *(.config_BFC2FFDC)

.config_BFC2FFE0
 *(.config_BFC2FFE0)

.config_BFC2FFE4
 *(.config_BFC2FFE4)

.config_BFC2FFE8
 *(.config_BFC2FFE8)

.config_BFC2FFEC
 *(.config_BFC2FFEC)

.config_BFC2FFF0
 *(.config_BFC2FFF0)

.config_BFC2FFF4
 *(.config_BFC2FFF4)

.config_BFC2FFF8
 *(.config_BFC2FFF8)

.config_BFC2FFFC
 *(.config_BFC2FFFC)

.config_BFC4FF40
 *(.config_BFC4FF40)

.config_BFC4FF44
 *(.config_BFC4FF44)

.config_BFC4FF48
 *(.config_BFC4FF48)

.config_BFC4FF4C
 *(.config_BFC4FF4C)

.config_BFC4FF50
 *(.config_BFC4FF50)

.config_BFC4FF54
 *(.config_BFC4FF54)

.config_BFC4FF58
 *(.config_BFC4FF58)

.config_BFC4FF5C
 *(.config_BFC4FF5C)

.config_BFC4FF60
 *(.config_BFC4FF60)

.config_BFC4FF64
 *(.config_BFC4FF64)

.config_BFC4FF68
 *(.config_BFC4FF68)

.config_BFC4FF6C
 *(.config_BFC4FF6C)

.config_BFC4FF70
 *(.config_BFC4FF70)

.config_BFC4FF74
 *(.config_BFC4FF74)

.config_BFC4FF78
 *(.config_BFC4FF78)

.config_BFC4FF7C
 *(.config_BFC4FF7C)

.config_BFC4FFC0
 *(.config_BFC4FFC0)

.config_BFC4FFC4
 *(.config_BFC4FFC4)

.config_BFC4FFC8
 *(.config_BFC4FFC8)

.config_BFC4FFCC
 *(.config_BFC4FFCC)

.config_BFC4FFD0
 *(.config_BFC4FFD0)

.config_BFC4FFD4
 *(.config_BFC4FFD4)

.config_BFC4FFD8
 *(.config_BFC4FFD8)

.config_BFC4FFDC
 *(.config_BFC4FFDC)

.config_BFC4FFE0
 *(.config_BFC4FFE0)

.config_BFC4FFE4
 *(.config_BFC4FFE4)

.config_BFC4FFE8
 *(.config_BFC4FFE8)

.config_BFC4FFEC
 *(.config_BFC4FFEC)

.config_BFC4FFF0
 *(.config_BFC4FFF0)

.config_BFC4FFF4
 *(.config_BFC4FFF4)

.config_BFC4FFF8
 *(.config_BFC4FFF8)

.config_BFC4FFFC
 *(.config_BFC4FFFC)

.config_BFC54000
 *(.config_BFC54000)

.config_BFC54004
 *(.config_BFC54004)

.config_BFC54008
 *(.config_BFC54008)

.config_BFC5400C
 *(.config_BFC5400C)

.config_BFC54010
 *(.config_BFC54010)

.config_BFC5401C
 *(.config_BFC5401C)

.config_BFC54020
 *(.config_BFC54020)

.config_BFC54024
 *(.config_BFC54024)

.config_BFC6FF40
 *(.config_BFC6FF40)

.config_BFC6FF44
 *(.config_BFC6FF44)

.config_BFC6FF48
 *(.config_BFC6FF48)

.config_BFC6FF4C
 *(.config_BFC6FF4C)

.config_BFC6FF50
 *(.config_BFC6FF50)

.config_BFC6FF54
 *(.config_BFC6FF54)

.config_BFC6FF58
 *(.config_BFC6FF58)

.config_BFC6FF5C
 *(.config_BFC6FF5C)

.config_BFC6FF60
 *(.config_BFC6FF60)

.config_BFC6FF64
 *(.config_BFC6FF64)

.config_BFC6FF68
 *(.config_BFC6FF68)

.config_BFC6FF6C
 *(.config_BFC6FF6C)

.config_BFC6FF70
 *(.config_BFC6FF70)

.config_BFC6FF74
 *(.config_BFC6FF74)

.config_BFC6FF78
 *(.config_BFC6FF78)

.config_BFC6FF7C
 *(.config_BFC6FF7C)

.config_BFC6FFC0
 *(.config_BFC6FFC0)

.config_BFC6FFC4
 *(.config_BFC6FFC4)

.config_BFC6FFC8
 *(.config_BFC6FFC8)

.config_BFC6FFCC
 *(.config_BFC6FFCC)

.config_BFC6FFD0
 *(.config_BFC6FFD0)

.config_BFC6FFD4
 *(.config_BFC6FFD4)

.config_BFC6FFD8
 *(.config_BFC6FFD8)

.config_BFC6FFDC
 *(.config_BFC6FFDC)

.config_BFC6FFE0
 *(.config_BFC6FFE0)

.config_BFC6FFE4
 *(.config_BFC6FFE4)

.config_BFC6FFE8
 *(.config_BFC6FFE8)

.config_BFC6FFEC
 *(.config_BFC6FFEC)

.config_BFC6FFF0
 *(.config_BFC6FFF0)

.config_BFC6FFF4
 *(.config_BFC6FFF4)

.config_BFC6FFF8
 *(.config_BFC6FFF8)

.config_BFC6FFFC
 *(.config_BFC6FFFC)

.reset          0xbfc00000      0x220
 *(.reset)
 .reset         0xbfc00000       0x18 c:/program files (x86)/microchip/xc32/v1.44/bin/bin/../../lib/gcc/pic32mx/4.8.3/../../../../pic32mx/lib/./proc/32MZ1024EFH100/crt0_mips32r2.o
                0xbfc00000                _reset
 *(.reset.startup)
 .reset.startup
                0xbfc00018      0x208 c:/program files (x86)/microchip/xc32/v1.44/bin/bin/../../lib/gcc/pic32mx/4.8.3/../../../../pic32mx/lib/./proc/32MZ1024EFH100/crt0_mips32r2.o
                0xbfc00018                _startup

.bev_excpt      0xbfc00380       0x10
 *(.bev_handler)
 .bev_handler   0xbfc00380       0x10 c:/program files (x86)/microchip/xc32/v1.44/bin/bin/../../lib/gcc/pic32mx/4.8.3/../../../../pic32mx/lib/./proc/32MZ1024EFH100/crt0_mips32r2.o

.cache_init     0xbfc004b0      0x1f4
 *(.cache_init)
 *(.cache_init.*)
 .cache_init.cache
                0xbfc004b0       0xc0 c:/program files (x86)/microchip/xc32/v1.44/bin/bin/../../lib/gcc/pic32mx/4.8.3/../../../../pic32mx/lib/fpu64\libpic32.a(pic32_init_cache.o)
 .cache_init.pic32_size_cache
                0xbfc00570       0x58 c:/program files (x86)/microchip/xc32/v1.44/bin/bin/../../lib/gcc/pic32mx/4.8.3/../../../../pic32mx/lib/fpu64\libpic32.a(pic32_init_cache.o)
                0xbfc00570                __pic32_size_cache
 .cache_init.pic32_init_cache
                0xbfc005c8       0xdc c:/program files (x86)/microchip/xc32/v1.44/bin/bin/../../lib/gcc/pic32mx/4.8.3/../../../../pic32mx/lib/fpu64\libpic32.a(pic32_init_cache.o)
                0xbfc005c8                __pic32_init_cache

.simple_tlb_refill_excpt
                0x9d000000       0x10
 *(.simple_tlb_refill_vector)
 .simple_tlb_refill_vector
                0x9d000000       0x10 c:/program files (x86)/microchip/xc32/v1.44/bin/bin/../../lib/gcc/pic32mx/4.8.3/../../../../pic32mx/lib/./proc/32MZ1024EFH100/crt0_mips32r2.o

.cache_err_excpt
                0x9d000100       0x10
 *(.cache_err_vector)
 .cache_err_vector
                0x9d000100       0x10 c:/program files (x86)/microchip/xc32/v1.44/bin/bin/../../lib/gcc/pic32mx/4.8.3/../../../../pic32mx/lib/./proc/32MZ1024EFH100/crt0_mips32r2.o

.app_excpt      0x9d000180       0x10
 *(.gen_handler)
 .gen_handler   0x9d000180       0x10 c:/program files (x86)/microchip/xc32/v1.44/bin/bin/../../lib/gcc/pic32mx/4.8.3/../../../../pic32mx/lib/./proc/32MZ1024EFH100/crt0_mips32r2.o

.vectors        0x9d000200     0x20e4
                0x0000229c                __vector_offset_0 = DEFINED (__vector_dispatch_0)?(. - _ebase_address):__vector_offset_default
 *(.vector_0)
                0x0000229c                __vector_offset_1 = DEFINED (__vector_dispatch_1)?(. - _ebase_address):__vector_offset_default
 *(.vector_1)
                0x0000229c                __vector_offset_2 = DEFINED (__vector_dispatch_2)?(. - _ebase_address):__vector_offset_default
 *(.vector_2)
                0x0000229c                __vector_offset_3 = DEFINED (__vector_dispatch_3)?(. - _ebase_address):__vector_offset_default
 *(.vector_3)
                0x00000200                __vector_offset_4 = DEFINED (__vector_dispatch_4)?(. - _ebase_address):__vector_offset_default
 *(.vector_4)
 .vector_4      0x9d000200      0x1e0 build/default/debug/interupt.o
                0x9d000200                T1Interrupt
                0x0000229c                __vector_offset_5 = DEFINED (__vector_dispatch_5)?(. - _ebase_address):__vector_offset_default
 *(.vector_5)
                0x0000229c                __vector_offset_6 = DEFINED (__vector_dispatch_6)?(. - _ebase_address):__vector_offset_default
 *(.vector_6)
                0x0000229c                __vector_offset_7 = DEFINED (__vector_dispatch_7)?(. - _ebase_address):__vector_offset_default
 *(.vector_7)
                0x0000229c                __vector_offset_8 = DEFINED (__vector_dispatch_8)?(. - _ebase_address):__vector_offset_default
 *(.vector_8)
                0x000003e0                __vector_offset_9 = DEFINED (__vector_dispatch_9)?(. - _ebase_address):__vector_offset_default
 *(.vector_9)
 .vector_9      0x9d0003e0      0x1e0 build/default/debug/interupt.o
                0x9d0003e0                T2Interrupt
                0x0000229c                __vector_offset_10 = DEFINED (__vector_dispatch_10)?(. - _ebase_address):__vector_offset_default
 *(.vector_10)
                0x0000229c                __vector_offset_11 = DEFINED (__vector_dispatch_11)?(. - _ebase_address):__vector_offset_default
 *(.vector_11)
                0x0000229c                __vector_offset_12 = DEFINED (__vector_dispatch_12)?(. - _ebase_address):__vector_offset_default
 *(.vector_12)
                0x0000229c                __vector_offset_13 = DEFINED (__vector_dispatch_13)?(. - _ebase_address):__vector_offset_default
 *(.vector_13)
                0x000005c0                __vector_offset_14 = DEFINED (__vector_dispatch_14)?(. - _ebase_address):__vector_offset_default
 *(.vector_14)
 .vector_14     0x9d0005c0      0x1e0 build/default/debug/interupt.o
                0x9d0005c0                T3Interrupt
                0x0000229c                __vector_offset_15 = DEFINED (__vector_dispatch_15)?(. - _ebase_address):__vector_offset_default
 *(.vector_15)
                0x0000229c                __vector_offset_16 = DEFINED (__vector_dispatch_16)?(. - _ebase_address):__vector_offset_default
 *(.vector_16)
                0x0000229c                __vector_offset_17 = DEFINED (__vector_dispatch_17)?(. - _ebase_address):__vector_offset_default
 *(.vector_17)
                0x0000229c                __vector_offset_18 = DEFINED (__vector_dispatch_18)?(. - _ebase_address):__vector_offset_default
 *(.vector_18)
                0x000007a0                __vector_offset_19 = DEFINED (__vector_dispatch_19)?(. - _ebase_address):__vector_offset_default
 *(.vector_19)
 .vector_19     0x9d0007a0      0x1d0 build/default/debug/interupt.o
                0x9d0007a0                T4Interrupt
                0x0000229c                __vector_offset_20 = DEFINED (__vector_dispatch_20)?(. - _ebase_address):__vector_offset_default
 *(.vector_20)
                0x0000229c                __vector_offset_21 = DEFINED (__vector_dispatch_21)?(. - _ebase_address):__vector_offset_default
 *(.vector_21)
                0x0000229c                __vector_offset_22 = DEFINED (__vector_dispatch_22)?(. - _ebase_address):__vector_offset_default
 *(.vector_22)
                0x0000229c                __vector_offset_23 = DEFINED (__vector_dispatch_23)?(. - _ebase_address):__vector_offset_default
 *(.vector_23)
                0x00000970                __vector_offset_24 = DEFINED (__vector_dispatch_24)?(. - _ebase_address):__vector_offset_default
 *(.vector_24)
 .vector_24     0x9d000970      0x1d0 build/default/debug/interupt.o
                0x9d000970                T5Interrupt
                0x0000229c                __vector_offset_25 = DEFINED (__vector_dispatch_25)?(. - _ebase_address):__vector_offset_default
 *(.vector_25)
                0x0000229c                __vector_offset_26 = DEFINED (__vector_dispatch_26)?(. - _ebase_address):__vector_offset_default
 *(.vector_26)
                0x0000229c                __vector_offset_27 = DEFINED (__vector_dispatch_27)?(. - _ebase_address):__vector_offset_default
 *(.vector_27)
                0x0000229c                __vector_offset_28 = DEFINED (__vector_dispatch_28)?(. - _ebase_address):__vector_offset_default
 *(.vector_28)
                0x0000229c                __vector_offset_29 = DEFINED (__vector_dispatch_29)?(. - _ebase_address):__vector_offset_default
 *(.vector_29)
                0x0000229c                __vector_offset_30 = DEFINED (__vector_dispatch_30)?(. - _ebase_address):__vector_offset_default
 *(.vector_30)
                0x0000229c                __vector_offset_31 = DEFINED (__vector_dispatch_31)?(. - _ebase_address):__vector_offset_default
 *(.vector_31)
                0x0000229c                __vector_offset_32 = DEFINED (__vector_dispatch_32)?(. - _ebase_address):__vector_offset_default
 *(.vector_32)
                0x0000229c                __vector_offset_33 = DEFINED (__vector_dispatch_33)?(. - _ebase_address):__vector_offset_default
 *(.vector_33)
                0x0000229c                __vector_offset_34 = DEFINED (__vector_dispatch_34)?(. - _ebase_address):__vector_offset_default
 *(.vector_34)
                0x0000229c                __vector_offset_35 = DEFINED (__vector_dispatch_35)?(. - _ebase_address):__vector_offset_default
 *(.vector_35)
                0x0000229c                __vector_offset_36 = DEFINED (__vector_dispatch_36)?(. - _ebase_address):__vector_offset_default
 *(.vector_36)
                0x0000229c                __vector_offset_37 = DEFINED (__vector_dispatch_37)?(. - _ebase_address):__vector_offset_default
 *(.vector_37)
                0x0000229c                __vector_offset_38 = DEFINED (__vector_dispatch_38)?(. - _ebase_address):__vector_offset_default
 *(.vector_38)
                0x0000229c                __vector_offset_39 = DEFINED (__vector_dispatch_39)?(. - _ebase_address):__vector_offset_default
 *(.vector_39)
                0x00000b40                __vector_offset_40 = DEFINED (__vector_dispatch_40)?(. - _ebase_address):__vector_offset_default
 *(.vector_40)
 .vector_40     0x9d000b40      0x338 build/default/debug/interupt.o
                0x9d000b40                T9Interrupt
                0x0000229c                __vector_offset_41 = DEFINED (__vector_dispatch_41)?(. - _ebase_address):__vector_offset_default
 *(.vector_41)
                0x0000229c                __vector_offset_42 = DEFINED (__vector_dispatch_42)?(. - _ebase_address):__vector_offset_default
 *(.vector_42)
                0x0000229c                __vector_offset_43 = DEFINED (__vector_dispatch_43)?(. - _ebase_address):__vector_offset_default
 *(.vector_43)
                0x0000229c                __vector_offset_44 = DEFINED (__vector_dispatch_44)?(. - _ebase_address):__vector_offset_default
 *(.vector_44)
                0x0000229c                __vector_offset_45 = DEFINED (__vector_dispatch_45)?(. - _ebase_address):__vector_offset_default
 *(.vector_45)
                0x0000229c                __vector_offset_46 = DEFINED (__vector_dispatch_46)?(. - _ebase_address):__vector_offset_default
 *(.vector_46)
                0x0000229c                __vector_offset_47 = DEFINED (__vector_dispatch_47)?(. - _ebase_address):__vector_offset_default
 *(.vector_47)
                0x0000229c                __vector_offset_48 = DEFINED (__vector_dispatch_48)?(. - _ebase_address):__vector_offset_default
 *(.vector_48)
                0x0000229c                __vector_offset_49 = DEFINED (__vector_dispatch_49)?(. - _ebase_address):__vector_offset_default
 *(.vector_49)
                0x0000229c                __vector_offset_50 = DEFINED (__vector_dispatch_50)?(. - _ebase_address):__vector_offset_default
 *(.vector_50)
                0x0000229c                __vector_offset_51 = DEFINED (__vector_dispatch_51)?(. - _ebase_address):__vector_offset_default
 *(.vector_51)
                0x0000229c                __vector_offset_52 = DEFINED (__vector_dispatch_52)?(. - _ebase_address):__vector_offset_default
 *(.vector_52)
                0x0000229c                __vector_offset_53 = DEFINED (__vector_dispatch_53)?(. - _ebase_address):__vector_offset_default
 *(.vector_53)
                0x0000229c                __vector_offset_54 = DEFINED (__vector_dispatch_54)?(. - _ebase_address):__vector_offset_default
 *(.vector_54)
                0x0000229c                __vector_offset_55 = DEFINED (__vector_dispatch_55)?(. - _ebase_address):__vector_offset_default
 *(.vector_55)
                0x0000229c                __vector_offset_56 = DEFINED (__vector_dispatch_56)?(. - _ebase_address):__vector_offset_default
 *(.vector_56)
                0x0000229c                __vector_offset_57 = DEFINED (__vector_dispatch_57)?(. - _ebase_address):__vector_offset_default
 *(.vector_57)
                0x0000229c                __vector_offset_58 = DEFINED (__vector_dispatch_58)?(. - _ebase_address):__vector_offset_default
 *(.vector_58)
                0x0000229c                __vector_offset_59 = DEFINED (__vector_dispatch_59)?(. - _ebase_address):__vector_offset_default
 *(.vector_59)
                0x0000229c                __vector_offset_60 = DEFINED (__vector_dispatch_60)?(. - _ebase_address):__vector_offset_default
 *(.vector_60)
                0x0000229c                __vector_offset_61 = DEFINED (__vector_dispatch_61)?(. - _ebase_address):__vector_offset_default
 *(.vector_61)
                0x0000229c                __vector_offset_62 = DEFINED (__vector_dispatch_62)?(. - _ebase_address):__vector_offset_default
 *(.vector_62)
                0x0000229c                __vector_offset_63 = DEFINED (__vector_dispatch_63)?(. - _ebase_address):__vector_offset_default
 *(.vector_63)
                0x0000229c                __vector_offset_64 = DEFINED (__vector_dispatch_64)?(. - _ebase_address):__vector_offset_default
 *(.vector_64)
                0x0000229c                __vector_offset_65 = DEFINED (__vector_dispatch_65)?(. - _ebase_address):__vector_offset_default
 *(.vector_65)
                0x0000229c                __vector_offset_66 = DEFINED (__vector_dispatch_66)?(. - _ebase_address):__vector_offset_default
 *(.vector_66)
                0x0000229c                __vector_offset_67 = DEFINED (__vector_dispatch_67)?(. - _ebase_address):__vector_offset_default
 *(.vector_67)
                0x0000229c                __vector_offset_68 = DEFINED (__vector_dispatch_68)?(. - _ebase_address):__vector_offset_default
 *(.vector_68)
                0x0000229c                __vector_offset_69 = DEFINED (__vector_dispatch_69)?(. - _ebase_address):__vector_offset_default
 *(.vector_69)
                0x0000229c                __vector_offset_70 = DEFINED (__vector_dispatch_70)?(. - _ebase_address):__vector_offset_default
 *(.vector_70)
                0x0000229c                __vector_offset_71 = DEFINED (__vector_dispatch_71)?(. - _ebase_address):__vector_offset_default
 *(.vector_71)
                0x0000229c                __vector_offset_72 = DEFINED (__vector_dispatch_72)?(. - _ebase_address):__vector_offset_default
 *(.vector_72)
                0x0000229c                __vector_offset_73 = DEFINED (__vector_dispatch_73)?(. - _ebase_address):__vector_offset_default
 *(.vector_73)
                0x0000229c                __vector_offset_74 = DEFINED (__vector_dispatch_74)?(. - _ebase_address):__vector_offset_default
 *(.vector_74)
                0x0000229c                __vector_offset_75 = DEFINED (__vector_dispatch_75)?(. - _ebase_address):__vector_offset_default
 *(.vector_75)
                0x0000229c                __vector_offset_76 = DEFINED (__vector_dispatch_76)?(. - _ebase_address):__vector_offset_default
 *(.vector_76)
                0x0000229c                __vector_offset_77 = DEFINED (__vector_dispatch_77)?(. - _ebase_address):__vector_offset_default
 *(.vector_77)
                0x0000229c                __vector_offset_78 = DEFINED (__vector_dispatch_78)?(. - _ebase_address):__vector_offset_default
 *(.vector_78)
                0x0000229c                __vector_offset_79 = DEFINED (__vector_dispatch_79)?(. - _ebase_address):__vector_offset_default
 *(.vector_79)
                0x0000229c                __vector_offset_80 = DEFINED (__vector_dispatch_80)?(. - _ebase_address):__vector_offset_default
 *(.vector_80)
                0x0000229c                __vector_offset_81 = DEFINED (__vector_dispatch_81)?(. - _ebase_address):__vector_offset_default
 *(.vector_81)
                0x0000229c                __vector_offset_82 = DEFINED (__vector_dispatch_82)?(. - _ebase_address):__vector_offset_default
 *(.vector_82)
                0x0000229c                __vector_offset_83 = DEFINED (__vector_dispatch_83)?(. - _ebase_address):__vector_offset_default
 *(.vector_83)
                0x0000229c                __vector_offset_84 = DEFINED (__vector_dispatch_84)?(. - _ebase_address):__vector_offset_default
 *(.vector_84)
                0x0000229c                __vector_offset_85 = DEFINED (__vector_dispatch_85)?(. - _ebase_address):__vector_offset_default
 *(.vector_85)
                0x0000229c                __vector_offset_86 = DEFINED (__vector_dispatch_86)?(. - _ebase_address):__vector_offset_default
 *(.vector_86)
                0x0000229c                __vector_offset_87 = DEFINED (__vector_dispatch_87)?(. - _ebase_address):__vector_offset_default
 *(.vector_87)
                0x0000229c                __vector_offset_88 = DEFINED (__vector_dispatch_88)?(. - _ebase_address):__vector_offset_default
 *(.vector_88)
                0x0000229c                __vector_offset_89 = DEFINED (__vector_dispatch_89)?(. - _ebase_address):__vector_offset_default
 *(.vector_89)
                0x0000229c                __vector_offset_90 = DEFINED (__vector_dispatch_90)?(. - _ebase_address):__vector_offset_default
 *(.vector_90)
                0x0000229c                __vector_offset_91 = DEFINED (__vector_dispatch_91)?(. - _ebase_address):__vector_offset_default
 *(.vector_91)
                0x0000229c                __vector_offset_92 = DEFINED (__vector_dispatch_92)?(. - _ebase_address):__vector_offset_default
 *(.vector_92)
                0x0000229c                __vector_offset_93 = DEFINED (__vector_dispatch_93)?(. - _ebase_address):__vector_offset_default
 *(.vector_93)
                0x0000229c                __vector_offset_94 = DEFINED (__vector_dispatch_94)?(. - _ebase_address):__vector_offset_default
 *(.vector_94)
                0x0000229c                __vector_offset_95 = DEFINED (__vector_dispatch_95)?(. - _ebase_address):__vector_offset_default
 *(.vector_95)
                0x0000229c                __vector_offset_96 = DEFINED (__vector_dispatch_96)?(. - _ebase_address):__vector_offset_default
 *(.vector_96)
                0x0000229c                __vector_offset_97 = DEFINED (__vector_dispatch_97)?(. - _ebase_address):__vector_offset_default
 *(.vector_97)
                0x0000229c                __vector_offset_98 = DEFINED (__vector_dispatch_98)?(. - _ebase_address):__vector_offset_default
 *(.vector_98)
                0x0000229c                __vector_offset_99 = DEFINED (__vector_dispatch_99)?(. - _ebase_address):__vector_offset_default
 *(.vector_99)
                0x0000229c                __vector_offset_100 = DEFINED (__vector_dispatch_100)?(. - _ebase_address):__vector_offset_default
 *(.vector_100)
                0x0000229c                __vector_offset_101 = DEFINED (__vector_dispatch_101)?(. - _ebase_address):__vector_offset_default
 *(.vector_101)
                0x0000229c                __vector_offset_102 = DEFINED (__vector_dispatch_102)?(. - _ebase_address):__vector_offset_default
 *(.vector_102)
                0x0000229c                __vector_offset_103 = DEFINED (__vector_dispatch_103)?(. - _ebase_address):__vector_offset_default
 *(.vector_103)
                0x0000229c                __vector_offset_104 = DEFINED (__vector_dispatch_104)?(. - _ebase_address):__vector_offset_default
 *(.vector_104)
                0x0000229c                __vector_offset_105 = DEFINED (__vector_dispatch_105)?(. - _ebase_address):__vector_offset_default
 *(.vector_105)
                0x0000229c                __vector_offset_106 = DEFINED (__vector_dispatch_106)?(. - _ebase_address):__vector_offset_default
 *(.vector_106)
                0x0000229c                __vector_offset_107 = DEFINED (__vector_dispatch_107)?(. - _ebase_address):__vector_offset_default
 *(.vector_107)
                0x0000229c                __vector_offset_108 = DEFINED (__vector_dispatch_108)?(. - _ebase_address):__vector_offset_default
 *(.vector_108)
                0x0000229c                __vector_offset_109 = DEFINED (__vector_dispatch_109)?(. - _ebase_address):__vector_offset_default
 *(.vector_109)
                0x0000229c                __vector_offset_110 = DEFINED (__vector_dispatch_110)?(. - _ebase_address):__vector_offset_default
 *(.vector_110)
                0x0000229c                __vector_offset_111 = DEFINED (__vector_dispatch_111)?(. - _ebase_address):__vector_offset_default
 *(.vector_111)
                0x0000229c                __vector_offset_112 = DEFINED (__vector_dispatch_112)?(. - _ebase_address):__vector_offset_default
 *(.vector_112)
                0x00000e78                __vector_offset_113 = DEFINED (__vector_dispatch_113)?(. - _ebase_address):__vector_offset_default
 *(.vector_113)
 .vector_113    0x9d000e78      0x2a0 build/default/debug/interupt.o
                0x9d000e78                U1RXInterrupt
                0x00001118                __vector_offset_114 = DEFINED (__vector_dispatch_114)?(. - _ebase_address):__vector_offset_default
 *(.vector_114)
 .vector_114    0x9d001118      0x170 build/default/debug/interupt.o
                0x9d001118                U1TXInterrupt
                0x0000229c                __vector_offset_115 = DEFINED (__vector_dispatch_115)?(. - _ebase_address):__vector_offset_default
 *(.vector_115)
                0x0000229c                __vector_offset_116 = DEFINED (__vector_dispatch_116)?(. - _ebase_address):__vector_offset_default
 *(.vector_116)
                0x0000229c                __vector_offset_117 = DEFINED (__vector_dispatch_117)?(. - _ebase_address):__vector_offset_default
 *(.vector_117)
                0x0000229c                __vector_offset_118 = DEFINED (__vector_dispatch_118)?(. - _ebase_address):__vector_offset_default
 *(.vector_118)
                0x0000229c                __vector_offset_119 = DEFINED (__vector_dispatch_119)?(. - _ebase_address):__vector_offset_default
 *(.vector_119)
                0x0000229c                __vector_offset_120 = DEFINED (__vector_dispatch_120)?(. - _ebase_address):__vector_offset_default
 *(.vector_120)
                0x0000229c                __vector_offset_121 = DEFINED (__vector_dispatch_121)?(. - _ebase_address):__vector_offset_default
 *(.vector_121)
                0x0000229c                __vector_offset_122 = DEFINED (__vector_dispatch_122)?(. - _ebase_address):__vector_offset_default
 *(.vector_122)
                0x0000229c                __vector_offset_123 = DEFINED (__vector_dispatch_123)?(. - _ebase_address):__vector_offset_default
 *(.vector_123)
                0x0000229c                __vector_offset_124 = DEFINED (__vector_dispatch_124)?(. - _ebase_address):__vector_offset_default
 *(.vector_124)
                0x0000229c                __vector_offset_125 = DEFINED (__vector_dispatch_125)?(. - _ebase_address):__vector_offset_default
 *(.vector_125)
                0x0000229c                __vector_offset_126 = DEFINED (__vector_dispatch_126)?(. - _ebase_address):__vector_offset_default
 *(.vector_126)
                0x0000229c                __vector_offset_127 = DEFINED (__vector_dispatch_127)?(. - _ebase_address):__vector_offset_default
 *(.vector_127)
                0x0000229c                __vector_offset_128 = DEFINED (__vector_dispatch_128)?(. - _ebase_address):__vector_offset_default
 *(.vector_128)
                0x0000229c                __vector_offset_129 = DEFINED (__vector_dispatch_129)?(. - _ebase_address):__vector_offset_default
 *(.vector_129)
                0x0000229c                __vector_offset_130 = DEFINED (__vector_dispatch_130)?(. - _ebase_address):__vector_offset_default
 *(.vector_130)
                0x0000229c                __vector_offset_131 = DEFINED (__vector_dispatch_131)?(. - _ebase_address):__vector_offset_default
 *(.vector_131)
                0x0000229c                __vector_offset_132 = DEFINED (__vector_dispatch_132)?(. - _ebase_address):__vector_offset_default
 *(.vector_132)
                0x0000229c                __vector_offset_133 = DEFINED (__vector_dispatch_133)?(. - _ebase_address):__vector_offset_default
 *(.vector_133)
                0x00001288                __vector_offset_134 = DEFINED (__vector_dispatch_134)?(. - _ebase_address):__vector_offset_default
 *(.vector_134)
 .vector_134    0x9d001288       0x8c build/default/debug/interupt.o
                0x9d001288                __DMA0Interrupt
                0x0000229c                __vector_offset_135 = DEFINED (__vector_dispatch_135)?(. - _ebase_address):__vector_offset_default
 *(.vector_135)
                0x0000229c                __vector_offset_136 = DEFINED (__vector_dispatch_136)?(. - _ebase_address):__vector_offset_default
 *(.vector_136)
                0x0000229c                __vector_offset_137 = DEFINED (__vector_dispatch_137)?(. - _ebase_address):__vector_offset_default
 *(.vector_137)
                0x0000229c                __vector_offset_138 = DEFINED (__vector_dispatch_138)?(. - _ebase_address):__vector_offset_default
 *(.vector_138)
                0x0000229c                __vector_offset_139 = DEFINED (__vector_dispatch_139)?(. - _ebase_address):__vector_offset_default
 *(.vector_139)
                0x0000229c                __vector_offset_140 = DEFINED (__vector_dispatch_140)?(. - _ebase_address):__vector_offset_default
 *(.vector_140)
                0x0000229c                __vector_offset_141 = DEFINED (__vector_dispatch_141)?(. - _ebase_address):__vector_offset_default
 *(.vector_141)
                0x0000229c                __vector_offset_142 = DEFINED (__vector_dispatch_142)?(. - _ebase_address):__vector_offset_default
 *(.vector_142)
                0x0000229c                __vector_offset_143 = DEFINED (__vector_dispatch_143)?(. - _ebase_address):__vector_offset_default
 *(.vector_143)
                0x0000229c                __vector_offset_144 = DEFINED (__vector_dispatch_144)?(. - _ebase_address):__vector_offset_default
 *(.vector_144)
                0x0000229c                __vector_offset_145 = DEFINED (__vector_dispatch_145)?(. - _ebase_address):__vector_offset_default
 *(.vector_145)
                0x00001314                __vector_offset_146 = DEFINED (__vector_dispatch_146)?(. - _ebase_address):__vector_offset_default
 *(.vector_146)
 .vector_146    0x9d001314      0x2a0 build/default/debug/interupt.o
                0x9d001314                U2RXInterrupt
                0x000015b4                __vector_offset_147 = DEFINED (__vector_dispatch_147)?(. - _ebase_address):__vector_offset_default
 *(.vector_147)
 .vector_147    0x9d0015b4      0x170 build/default/debug/interupt.o
                0x9d0015b4                U2TXInterrupt
                0x0000229c                __vector_offset_148 = DEFINED (__vector_dispatch_148)?(. - _ebase_address):__vector_offset_default
 *(.vector_148)
                0x0000229c                __vector_offset_149 = DEFINED (__vector_dispatch_149)?(. - _ebase_address):__vector_offset_default
 *(.vector_149)
                0x0000229c                __vector_offset_150 = DEFINED (__vector_dispatch_150)?(. - _ebase_address):__vector_offset_default
 *(.vector_150)
                0x0000229c                __vector_offset_151 = DEFINED (__vector_dispatch_151)?(. - _ebase_address):__vector_offset_default
 *(.vector_151)
                0x0000229c                __vector_offset_152 = DEFINED (__vector_dispatch_152)?(. - _ebase_address):__vector_offset_default
 *(.vector_152)
                0x0000229c                __vector_offset_153 = DEFINED (__vector_dispatch_153)?(. - _ebase_address):__vector_offset_default
 *(.vector_153)
                0x0000229c                __vector_offset_154 = DEFINED (__vector_dispatch_154)?(. - _ebase_address):__vector_offset_default
 *(.vector_154)
                0x0000229c                __vector_offset_155 = DEFINED (__vector_dispatch_155)?(. - _ebase_address):__vector_offset_default
 *(.vector_155)
                0x0000229c                __vector_offset_156 = DEFINED (__vector_dispatch_156)?(. - _ebase_address):__vector_offset_default
 *(.vector_156)
                0x0000229c                __vector_offset_157 = DEFINED (__vector_dispatch_157)?(. - _ebase_address):__vector_offset_default
 *(.vector_157)
                0x00001724                __vector_offset_158 = DEFINED (__vector_dispatch_158)?(. - _ebase_address):__vector_offset_default
 *(.vector_158)
 .vector_158    0x9d001724      0x2a0 build/default/debug/interupt.o
                0x9d001724                U3RXInterrupt
                0x000019c4                __vector_offset_159 = DEFINED (__vector_dispatch_159)?(. - _ebase_address):__vector_offset_default
 *(.vector_159)
 .vector_159    0x9d0019c4      0x140 build/default/debug/interupt.o
                0x9d0019c4                U3TXInterrupt
                0x0000229c                __vector_offset_160 = DEFINED (__vector_dispatch_160)?(. - _ebase_address):__vector_offset_default
 *(.vector_160)
                0x0000229c                __vector_offset_161 = DEFINED (__vector_dispatch_161)?(. - _ebase_address):__vector_offset_default
 *(.vector_161)
                0x0000229c                __vector_offset_162 = DEFINED (__vector_dispatch_162)?(. - _ebase_address):__vector_offset_default
 *(.vector_162)
                0x0000229c                __vector_offset_163 = DEFINED (__vector_dispatch_163)?(. - _ebase_address):__vector_offset_default
 *(.vector_163)
                0x0000229c                __vector_offset_164 = DEFINED (__vector_dispatch_164)?(. - _ebase_address):__vector_offset_default
 *(.vector_164)
                0x0000229c                __vector_offset_165 = DEFINED (__vector_dispatch_165)?(. - _ebase_address):__vector_offset_default
 *(.vector_165)
                0x0000229c                __vector_offset_166 = DEFINED (__vector_dispatch_166)?(. - _ebase_address):__vector_offset_default
 *(.vector_166)
                0x0000229c                __vector_offset_167 = DEFINED (__vector_dispatch_167)?(. - _ebase_address):__vector_offset_default
 *(.vector_167)
                0x0000229c                __vector_offset_168 = DEFINED (__vector_dispatch_168)?(. - _ebase_address):__vector_offset_default
 *(.vector_168)
                0x0000229c                __vector_offset_169 = DEFINED (__vector_dispatch_169)?(. - _ebase_address):__vector_offset_default
 *(.vector_169)
                0x0000229c                __vector_offset_170 = DEFINED (__vector_dispatch_170)?(. - _ebase_address):__vector_offset_default
 *(.vector_170)
                0x00001b04                __vector_offset_171 = DEFINED (__vector_dispatch_171)?(. - _ebase_address):__vector_offset_default
 *(.vector_171)
 .vector_171    0x9d001b04      0x28c build/default/debug/interupt.o
                0x9d001b04                U4RXInterrupt
                0x00001d90                __vector_offset_172 = DEFINED (__vector_dispatch_172)?(. - _ebase_address):__vector_offset_default
 *(.vector_172)
 .vector_172    0x9d001d90      0x140 build/default/debug/interupt.o
                0x9d001d90                U4TXInterrupt
                0x0000229c                __vector_offset_173 = DEFINED (__vector_dispatch_173)?(. - _ebase_address):__vector_offset_default
 *(.vector_173)
                0x0000229c                __vector_offset_174 = DEFINED (__vector_dispatch_174)?(. - _ebase_address):__vector_offset_default
 *(.vector_174)
                0x0000229c                __vector_offset_175 = DEFINED (__vector_dispatch_175)?(. - _ebase_address):__vector_offset_default
 *(.vector_175)
                0x0000229c                __vector_offset_176 = DEFINED (__vector_dispatch_176)?(. - _ebase_address):__vector_offset_default
 *(.vector_176)
                0x0000229c                __vector_offset_177 = DEFINED (__vector_dispatch_177)?(. - _ebase_address):__vector_offset_default
 *(.vector_177)
                0x0000229c                __vector_offset_178 = DEFINED (__vector_dispatch_178)?(. - _ebase_address):__vector_offset_default
 *(.vector_178)
                0x0000229c                __vector_offset_179 = DEFINED (__vector_dispatch_179)?(. - _ebase_address):__vector_offset_default
 *(.vector_179)
                0x00001ed0                __vector_offset_180 = DEFINED (__vector_dispatch_180)?(. - _ebase_address):__vector_offset_default
 *(.vector_180)
 .vector_180    0x9d001ed0      0x28c build/default/debug/interupt.o
                0x9d001ed0                U5RXInterrupt
                0x0000215c                __vector_offset_181 = DEFINED (__vector_dispatch_181)?(. - _ebase_address):__vector_offset_default
 *(.vector_181)
 .vector_181    0x9d00215c      0x140 build/default/debug/interupt.o
                0x9d00215c                U5TXInterrupt
                0x0000229c                __vector_offset_182 = DEFINED (__vector_dispatch_182)?(. - _ebase_address):__vector_offset_default
 *(.vector_182)
                0x0000229c                __vector_offset_183 = DEFINED (__vector_dispatch_183)?(. - _ebase_address):__vector_offset_default
 *(.vector_183)
                0x0000229c                __vector_offset_184 = DEFINED (__vector_dispatch_184)?(. - _ebase_address):__vector_offset_default
 *(.vector_184)
                0x0000229c                __vector_offset_185 = DEFINED (__vector_dispatch_185)?(. - _ebase_address):__vector_offset_default
 *(.vector_185)
                0x0000229c                __vector_offset_186 = DEFINED (__vector_dispatch_186)?(. - _ebase_address):__vector_offset_default
 *(.vector_186)
                0x0000229c                __vector_offset_187 = DEFINED (__vector_dispatch_187)?(. - _ebase_address):__vector_offset_default
 *(.vector_187)
                0x0000229c                __vector_offset_188 = DEFINED (__vector_dispatch_188)?(. - _ebase_address):__vector_offset_default
 *(.vector_188)
                0x0000229c                __vector_offset_189 = DEFINED (__vector_dispatch_189)?(. - _ebase_address):__vector_offset_default
 *(.vector_189)
                0x0000229c                __vector_offset_190 = DEFINED (__vector_dispatch_190)?(. - _ebase_address):__vector_offset_default
 *(.vector_190)
                0x0000229c                __vector_offset_191 = DEFINED (__vector_dispatch_191)?(. - _ebase_address):__vector_offset_default
 *(.vector_191)
                0x0000229c                __vector_offset_192 = DEFINED (__vector_dispatch_192)?(. - _ebase_address):__vector_offset_default
 *(.vector_192)
                0x0000229c                __vector_offset_193 = DEFINED (__vector_dispatch_193)?(. - _ebase_address):__vector_offset_default
 *(.vector_193)
                0x0000229c                __vector_offset_194 = DEFINED (__vector_dispatch_194)?(. - _ebase_address):__vector_offset_default
 *(.vector_194)
                0x0000229c                __vector_offset_195 = DEFINED (__vector_dispatch_195)?(. - _ebase_address):__vector_offset_default
 *(.vector_195)
                0x0000229c                __vector_offset_196 = DEFINED (__vector_dispatch_196)?(. - _ebase_address):__vector_offset_default
 *(.vector_196)
                0x0000229c                __vector_offset_197 = DEFINED (__vector_dispatch_197)?(. - _ebase_address):__vector_offset_default
 *(.vector_197)
                0x0000229c                __vector_offset_198 = DEFINED (__vector_dispatch_198)?(. - _ebase_address):__vector_offset_default
 *(.vector_198)
                0x0000229c                __vector_offset_199 = DEFINED (__vector_dispatch_199)?(. - _ebase_address):__vector_offset_default
 *(.vector_199)
                0x0000229c                __vector_offset_200 = DEFINED (__vector_dispatch_200)?(. - _ebase_address):__vector_offset_default
 *(.vector_200)
                0x0000229c                __vector_offset_201 = DEFINED (__vector_dispatch_201)?(. - _ebase_address):__vector_offset_default
 *(.vector_201)
                0x0000229c                __vector_offset_202 = DEFINED (__vector_dispatch_202)?(. - _ebase_address):__vector_offset_default
 *(.vector_202)
                0x0000229c                __vector_offset_203 = DEFINED (__vector_dispatch_203)?(. - _ebase_address):__vector_offset_default
 *(.vector_203)
                0x0000229c                __vector_offset_204 = DEFINED (__vector_dispatch_204)?(. - _ebase_address):__vector_offset_default
 *(.vector_204)
                0x0000229c                __vector_offset_205 = DEFINED (__vector_dispatch_205)?(. - _ebase_address):__vector_offset_default
 *(.vector_205)
                0x0000229c                __vector_offset_206 = DEFINED (__vector_dispatch_206)?(. - _ebase_address):__vector_offset_default
 *(.vector_206)
                0x0000229c                __vector_offset_207 = DEFINED (__vector_dispatch_207)?(. - _ebase_address):__vector_offset_default
 *(.vector_207)
                0x0000229c                __vector_offset_208 = DEFINED (__vector_dispatch_208)?(. - _ebase_address):__vector_offset_default
 *(.vector_208)
                0x0000229c                __vector_offset_209 = DEFINED (__vector_dispatch_209)?(. - _ebase_address):__vector_offset_default
 *(.vector_209)
                0x0000229c                __vector_offset_210 = DEFINED (__vector_dispatch_210)?(. - _ebase_address):__vector_offset_default
 *(.vector_210)
                0x0000229c                __vector_offset_211 = DEFINED (__vector_dispatch_211)?(. - _ebase_address):__vector_offset_default
 *(.vector_211)
                0x0000229c                __vector_offset_212 = DEFINED (__vector_dispatch_212)?(. - _ebase_address):__vector_offset_default
 *(.vector_212)
                0x0000229c                __vector_offset_213 = DEFINED (__vector_dispatch_213)?(. - _ebase_address):__vector_offset_default
 *(.vector_213)
                0x0000229c                __vector_offset_214 = DEFINED (__vector_dispatch_214)?(. - _ebase_address):__vector_offset_default
 *(.vector_214)
                0x0000229c                __vector_offset_215 = DEFINED (__vector_dispatch_215)?(. - _ebase_address):__vector_offset_default
 *(.vector_215)
                0x0000229c                __vector_offset_216 = DEFINED (__vector_dispatch_216)?(. - _ebase_address):__vector_offset_default
 *(.vector_216)
                0x0000229c                __vector_offset_217 = DEFINED (__vector_dispatch_217)?(. - _ebase_address):__vector_offset_default
 *(.vector_217)
                0x0000229c                __vector_offset_218 = DEFINED (__vector_dispatch_218)?(. - _ebase_address):__vector_offset_default
 *(.vector_218)
                0x0000229c                __vector_offset_219 = DEFINED (__vector_dispatch_219)?(. - _ebase_address):__vector_offset_default
 *(.vector_219)
                0x0000229c                __vector_offset_220 = DEFINED (__vector_dispatch_220)?(. - _ebase_address):__vector_offset_default
 *(.vector_220)
                0x0000229c                __vector_offset_221 = DEFINED (__vector_dispatch_221)?(. - _ebase_address):__vector_offset_default
 *(.vector_221)
                0x0000229c                __vector_offset_222 = DEFINED (__vector_dispatch_222)?(. - _ebase_address):__vector_offset_default
 *(.vector_222)
                0x0000229c                __vector_offset_223 = DEFINED (__vector_dispatch_223)?(. - _ebase_address):__vector_offset_default
 *(.vector_223)
                0x0000229c                __vector_offset_224 = DEFINED (__vector_dispatch_224)?(. - _ebase_address):__vector_offset_default
 *(.vector_224)
                0x0000229c                __vector_offset_225 = DEFINED (__vector_dispatch_225)?(. - _ebase_address):__vector_offset_default
 *(.vector_225)
                0x0000229c                __vector_offset_226 = DEFINED (__vector_dispatch_226)?(. - _ebase_address):__vector_offset_default
 *(.vector_226)
                0x0000229c                __vector_offset_227 = DEFINED (__vector_dispatch_227)?(. - _ebase_address):__vector_offset_default
 *(.vector_227)
                0x0000229c                __vector_offset_228 = DEFINED (__vector_dispatch_228)?(. - _ebase_address):__vector_offset_default
 *(.vector_228)
                0x0000229c                __vector_offset_229 = DEFINED (__vector_dispatch_229)?(. - _ebase_address):__vector_offset_default
 *(.vector_229)
                0x0000229c                __vector_offset_230 = DEFINED (__vector_dispatch_230)?(. - _ebase_address):__vector_offset_default
 *(.vector_230)
                0x0000229c                __vector_offset_231 = DEFINED (__vector_dispatch_231)?(. - _ebase_address):__vector_offset_default
 *(.vector_231)
                0x0000229c                __vector_offset_232 = DEFINED (__vector_dispatch_232)?(. - _ebase_address):__vector_offset_default
 *(.vector_232)
                0x0000229c                __vector_offset_233 = DEFINED (__vector_dispatch_233)?(. - _ebase_address):__vector_offset_default
 *(.vector_233)
                0x0000229c                __vector_offset_234 = DEFINED (__vector_dispatch_234)?(. - _ebase_address):__vector_offset_default
 *(.vector_234)
                0x0000229c                __vector_offset_235 = DEFINED (__vector_dispatch_235)?(. - _ebase_address):__vector_offset_default
 *(.vector_235)
                0x0000229c                __vector_offset_236 = DEFINED (__vector_dispatch_236)?(. - _ebase_address):__vector_offset_default
 *(.vector_236)
                0x0000229c                __vector_offset_237 = DEFINED (__vector_dispatch_237)?(. - _ebase_address):__vector_offset_default
 *(.vector_237)
                0x0000229c                __vector_offset_238 = DEFINED (__vector_dispatch_238)?(. - _ebase_address):__vector_offset_default
 *(.vector_238)
                0x0000229c                __vector_offset_239 = DEFINED (__vector_dispatch_239)?(. - _ebase_address):__vector_offset_default
 *(.vector_239)
                0x0000229c                __vector_offset_240 = DEFINED (__vector_dispatch_240)?(. - _ebase_address):__vector_offset_default
 *(.vector_240)
                0x0000229c                __vector_offset_241 = DEFINED (__vector_dispatch_241)?(. - _ebase_address):__vector_offset_default
 *(.vector_241)
                0x0000229c                __vector_offset_242 = DEFINED (__vector_dispatch_242)?(. - _ebase_address):__vector_offset_default
 *(.vector_242)
                0x0000229c                __vector_offset_243 = DEFINED (__vector_dispatch_243)?(. - _ebase_address):__vector_offset_default
 *(.vector_243)
                0x0000229c                __vector_offset_244 = DEFINED (__vector_dispatch_244)?(. - _ebase_address):__vector_offset_default
 *(.vector_244)
                0x0000229c                __vector_offset_245 = DEFINED (__vector_dispatch_245)?(. - _ebase_address):__vector_offset_default
 *(.vector_245)
                0x0000229c                __vector_offset_246 = DEFINED (__vector_dispatch_246)?(. - _ebase_address):__vector_offset_default
 *(.vector_246)
                0x0000229c                __vector_offset_247 = DEFINED (__vector_dispatch_247)?(. - _ebase_address):__vector_offset_default
 *(.vector_247)
                0x0000229c                __vector_offset_248 = DEFINED (__vector_dispatch_248)?(. - _ebase_address):__vector_offset_default
 *(.vector_248)
                0x0000229c                __vector_offset_249 = DEFINED (__vector_dispatch_249)?(. - _ebase_address):__vector_offset_default
 *(.vector_249)
                0x0000229c                __vector_offset_250 = DEFINED (__vector_dispatch_250)?(. - _ebase_address):__vector_offset_default
 *(.vector_250)
                0x0000229c                __vector_offset_251 = DEFINED (__vector_dispatch_251)?(. - _ebase_address):__vector_offset_default
 *(.vector_251)
                0x0000229c                __vector_offset_252 = DEFINED (__vector_dispatch_252)?(. - _ebase_address):__vector_offset_default
 *(.vector_252)
                0x0000229c                __vector_offset_253 = DEFINED (__vector_dispatch_253)?(. - _ebase_address):__vector_offset_default
 *(.vector_253)
                0x0000229c                __vector_offset_254 = DEFINED (__vector_dispatch_254)?(. - _ebase_address):__vector_offset_default
 *(.vector_254)
                0x0000229c                __vector_offset_255 = DEFINED (__vector_dispatch_255)?(. - _ebase_address):__vector_offset_default
 *(.vector_255)
                0x0000229c                __vector_offset_default = (. - _ebase_address)
 *(.vector_default)
 .vector_default
                0x9d00229c       0x48 c:/program files (x86)/microchip/xc32/v1.44/bin/bin/../../lib/gcc/pic32mx/4.8.3/../../../../pic32mx/lib/fpu64\libpic32.a(defaultinterrupt.o)
                0x9d00229c                _DefaultInterrupt

.startup
 *(.startup)

.text           0x9d0022e4        0x0
 *(.stub .gnu.linkonce.t.*)
 *(.text.*personality*)
 *(.mips16.fn.*)
 *(.mips16.call.*)
 *(.gnu.warning)
                0x9d0022e4                . = ALIGN (0x4)

.init           0x9d0022e4        0x0
 *crti.o(.init)
 *crtbegin.o(.init)
 *(EXCLUDE_FILE(*crtn.o *crtend?.o *crtend.o) .init)
 *crtend.o(.init)
 *crtn.o(.init)
                0x9d0022e4                . = ALIGN (0x4)

.fini           0x9d0022e4        0x0
 *(.fini)
                0x9d0022e4                . = ALIGN (0x4)

.preinit_array  0x9d0022e4        0x0
                0x9d0022e4                PROVIDE (__preinit_array_start, .)
 *(.preinit_array)
                0x9d0022e4                PROVIDE (__preinit_array_end, .)
                0x9d0022e4                . = ALIGN (0x4)

.init_array     0x9d0022e4        0x0
                0x9d0022e4                PROVIDE (__init_array_start, .)
 *(SORT(.init_array.*))
 *(.init_array)
                0x9d0022e4                PROVIDE (__init_array_end, .)
                0x9d0022e4                . = ALIGN (0x4)

.fini_array     0x9d0022e4        0x0
                0x9d0022e4                PROVIDE (__fini_array_start, .)
 *(SORT(.fini_array.*))
 *(.fini_array)
                0x9d0022e4                PROVIDE (__fini_array_end, .)
                0x9d0022e4                . = ALIGN (0x4)

.ctors          0x9d0022e4        0x0
 *crtbegin.o(.ctors)
 *crtbegin?.o(.ctors)
 *(EXCLUDE_FILE(*crtend?.o *crtend.o) .ctors)
 *(SORT(.ctors.*))
 *(.ctors)
                0x9d0022e4                . = ALIGN (0x4)

.dtors          0x9d0022e4        0x0
 *crtbegin.o(.dtors)
 *crtbegin?.o(.dtors)
 *(EXCLUDE_FILE(*crtend?.o *crtend.o) .dtors)
 *(SORT(.dtors.*))
 *(.dtors)
                0x9d0022e4                . = ALIGN (0x4)

.rodata         0x9d0022e4        0x0
 *(.gnu.linkonce.r.*)
 *(.rodata1)
                0x9d0022e4                . = ALIGN (0x4)

.sdata2         0x9fc004b0        0x0
 *(.sdata2 .sdata2.* .gnu.linkonce.s2.*)
                0x9fc004b0                . = ALIGN (0x4)

.sbss2          0x9fc004b0        0x0
 *(.sbss2 .sbss2.* .gnu.linkonce.sb2.*)
                0x9fc004b0                . = ALIGN (0x4)

.eh_frame_hdr
 *(.eh_frame_hdr)
                0x9fc004b0                . = ALIGN (0x4)

.eh_frame
 *(.eh_frame)
                0x9fc004b0                . = ALIGN (0x4)

.gcc_except_table
 *(.gcc_except_table .gcc_except_table.*)
                0x9fc004b0                . = ALIGN (0x4)

.dbg_data       0x80000380        0x0
                0x80000380                . = (. + DEFINED (_DEBUGGER)?0x200:0x0)
                0x80000380                . = (. + DEFINED (_DEBUGGER)?0x80:0x0)
                0x80000380                . = (. + DEFINED (_DEBUGGER)?0x100:0x0)

.jcr            0x80000380        0x0
 *(.jcr)
                0x80000380                . = ALIGN (0x4)

.eh_frame
 *(.eh_frame)
                0x80000380                . = ALIGN (0x4)

.gcc_except_table
 *(.gcc_except_table .gcc_except_table.*)
                0x80000380                . = ALIGN (0x4)

.persist        0x80000380        0x0
                0x80000380                _persist_begin = .
 *(.persist .persist.*)
 *(.pbss .pbss.*)
                0x80000380                . = ALIGN (0x4)
                0x80000380                _persist_end = .

.data           0x80000380        0x0
 *(.gnu.linkonce.d.*)
 *(.data1)
                0x80000380                . = ALIGN (0x4)
                0x80000380                . = .
                0x80008370                _gp = (ALIGN (0x10) + 0x7ff0)

.got            0x80000380        0x0
 *(.got.plt)
 *(.got)
                0x80000380                . = ALIGN (0x4)

.sdata          0x80000380       0x40
                0x80000380                _sdata_begin = .
 *(.sdata .sdata.* .gnu.linkonce.s.*)
 .sdata         0x80000380       0x18 build/default/debug/main.o
                0x80000380                mups_1_strategy
                0x80000388                mups_2_strategy
                0x80000390                mups_3_strategy
 .sdata         0x80000398        0x2 build/default/debug/modbus.o
                0x80000398                uchCRCHi
                0x80000399                uchCRCLo
 .sdata         0x8000039a        0x2 build/default/debug/ramtron_drv.o
 .sdata         0x8000039c       0x24 c:/program files (x86)/microchip/xc32/v1.44/bin/bin/../../lib/gcc/pic32mx/4.8.3/../../../../pic32mx/lib/fpu64\libpic32.a(pic32_init_cache.o)
                0x8000039c                __pic32_icache_size
                0x800003a0                __pic32_icache_linesize
                0x800003a4                __pic32_icache_ways
                0x800003a8                __pic32_dcache_size
                0x800003ac                __pic32_dcache_linesize
                0x800003b0                __pic32_dcache_ways
                0x800003b4                __pic32_scache_size
                0x800003b8                __pic32_scache_linesize
                0x800003bc                __pic32_scache_ways
                0x800003c0                . = ALIGN (0x4)
                0x800003c0                _sdata_end = .

.lit8
 *(.lit8)

.lit4
 *(.lit4)
                0x800003c0                . = ALIGN (0x4)
                0x800003c0                _data_end = .
                0x800003c0                _bss_begin = .

.sbss           0x800003c0       0xd8
                0x800003c0                _sbss_begin = .
 *(.dynsbss)
 *(.sbss .sbss.* .gnu.linkonce.sb.*)
 .sbss          0x800003c0        0x2 build/default/debug/main.o
                0x800003c0                mbm_fun_in_work
 .sbss          0x800003c2        0x3 build/default/debug/ramtron_drv.o
 *fill*         0x800003c5        0x3 
 .sbss          0x800003c8       0x20 build/default/debug/Control.o
                0x800003c8                slave_id
                0x800003cc                strategy_num
                0x800003d0                strategy_num_fix
                0x800003d4                strategy_set_flag
                0x800003d8                incr_stages
 *(.scommon)
 .scommon       0x800003e8       0x52 build/default/debug/main.o
                0x800003e8                mops_stat
                0x800003ea                mups_num
                0x800003ec                U3_speed
                0x800003ee                _var_sec_conunter
                0x800003f0                _500_msec_counter
                0x800003f2                mops_num
                0x800003f4                relay_toggle
                0x800003fc                DINPUT1
                0x800003fe                DINPUT2
                0x80000400                help_load
                0x80000402                bit_sc_low
                0x80000404                DINPUT3
                0x80000406                _1_sec_counter
                0x80000408                mbm_sync
                0x8000040a                U2_speed
                0x8000040c                U1_speed
                0x8000040e                start_var_sec_timer
                0x80000410                mbm_16_end_flag
                0x80000414                mups_strategy
                0x8000041c                help_reset
                0x8000041e                help_strobe
                0x80000420                mops_done
                0x80000422                mups_stat
                0x80000424                U4_speed
                0x80000428                mups_strategy_sep
                0x80000430                bit_br_low
                0x80000432                bit_br_high
                0x80000434                start_1_sec_timer
                0x80000436                U5_speed
                0x80000438                mups_done
 .scommon       0x8000043a        0xa build/default/debug/modbus.o
                0x8000043a                num_reg
                0x8000043c                length_err
                0x8000043e                last_reg
                0x80000440                num3
                0x80000442                start_reg
 .scommon       0x80000444       0x16 build/default/debug/interrupt_proc.o
                0x80000444                conf
                0x80000446                DI1_cnt
                0x80000448                _10msec
                0x8000044a                conf2
                0x8000044c                master_start_del
                0x8000044e                DI3_cnt
                0x80000450                _100msec
                0x80000452                DI2_cnt
                0x80000454                _divider
                0x80000456                bconf
                0x80000457                bconf2
                0x80000458                _1000msec
 .scommon       0x8000045a        0x4 build/default/debug/ramtron_drv.o
                0x8000045a                ucAdressH
                0x8000045b                iDta
                0x8000045c                ucAdressL
                0x8000045d                ucStoredData
 *fill*         0x8000045e        0x2 
 .scommon       0x80000460       0x38 build/default/debug/Control.o
                0x80000460                apply_530
                0x80000462                mups_read_flag
                0x80000464                end_1_sec_timer
                0x80000466                apply_strategy
                0x80000468                strategy_num_ch1
                0x8000046a                strategy_num_ch2
                0x8000046c                strategy_num_ch3
                0x8000046e                strategy_num_ch4
                0x80000470                mode_num_530
                0x80000472                var_b
                0x80000474                var_c
                0x80000476                var_a
                0x80000478                var_d
                0x8000047c                stages_relay
                0x80000480                mops_service_check_stages
                0x80000484                slave_530_id
                0x80000486                apply_toggle
                0x80000488                stages
                0x8000048c                end_var_sec_timer
                0x80000490                stages_sep
                0x80000494                stages_530
                0x80000498                _sbss_end = .
                0x80000498                . = ALIGN (0x4)

.bss            0x80000498     0x7d0c
 *(.dynbss)
 *(COMMON)
 COMMON         0x80000498     0x7d00 build/default/debug/main.o
                0x80000498                conf_stand
                0x80000560                MOPS_S_arr
                0x80000a4c                MUPS_S_arr_sw
                0x80000c90                usart1
                0x80000eb0                usart4
                0x800010d0                usart5
                0x800012f0                usart3
                0x80001510                usart2
                0x80001730                calibr
                0x800017cc                Modbus
                0x80001870                MB_diagn
                0x80001950                usart2m
                0x80001b80                Stand_sw
                0x80001ce8                conf_stand_sw
                0x80001db0                MOPS_S_arr_sw
                0x8000229c                MB_diagn_sw
                0x8000237c                MB_diag
                0x80002408                MOPS_statment_18v
                0x80002868                MUPS_S_arr
                0x80002aac                _530_board_mode_mops
                0x80002abc                MOPS_arr_sw
                0x8000341c                usart3m
                0x8000364c                MUPS_arr
                0x80003dcc                MOPS_statment_sw_18v
                0x8000422c                dir_br_high
                0x80004240                MB_swap
                0x800042dc                MOPS_statment_sw_24v
                0x8000473c                MOPS_statment_sw_28v
                0x80004b9c                MOPS_statment_24v
                0x80004ffc                mops_stand_statment
                0x8000506c                MB
                0x80005108                MOPS_arr
                0x80005a68                mups_stand_statment
                0x80005ab0                usart4m
                0x80005ce0                MB_diag_sw
                0x80005d6c                MOPS_statment_28v
                0x800061cc                MUPS_statment_sw_18v
                0x8000649c                MUPS_statment_18v
                0x8000676c                MUPS_statment_sw_24v
                0x80006a3c                MUPS_statment_sw_28v
                0x80006d0c                MUPS_statment_24v
                0x80006fdc                MUPS_statment_28v
                0x800072ac                dir_sc_low
                0x800072c0                Modbus_sw
                0x80007364                Stand
                0x800074cc                usart1m
                0x800076fc                usart5m
                0x8000792c                dir_br_low
                0x80007940                mups_short
                0x8000797c                calibr_swap
                0x80007a18                MUPS_arr_sw
 COMMON         0x80008198        0xa build/default/debug/ramtron_drv.o
                0x80008198                usSpiBuf
                0x800081a4                . = ALIGN ((. != 0x0)?0x4:0x1)
 *fill*         0x800081a2        0x2 
                0x800081a4                . = ALIGN (0x4)
                0x800081a4                _end = .
                0x800081a4                _bss_end = .
                0x00080000                _bmxdudba_address = 0x80000
                0x00080000                _bmxdupba_address = 0x80000

/DISCARD/
 *(.pdr)
 *(.rel.dyn)
 *(.note.GNU-stack)
 *(.note.GNU-stack)
 *(.gnu_debuglink)
 *(.gnu.lto_*)
 *(.discard)

.gptab.sdata
 *(.gptab.data)
 *(.gptab.sdata)

.gptab.sbss
 *(.gptab.bss)
 *(.gptab.sbss)

.mdebug.abi32   0x00000000        0x0
 *(.mdebug.abi32)
 .mdebug.abi32  0x00000000        0x0 c:/program files (x86)/microchip/xc32/v1.44/bin/bin/../../lib/gcc/pic32mx/4.8.3/../../../../pic32mx/lib/fpu64\software-debug-break.o
 .mdebug.abi32  0x00000000        0x0 build/default/debug/main.o
 .mdebug.abi32  0x00000000        0x0 build/default/debug/init.o
 .mdebug.abi32  0x00000000        0x0 build/default/debug/interupt.o
 .mdebug.abi32  0x00000000        0x0 build/default/debug/modbus.o
 .mdebug.abi32  0x00000000        0x0 build/default/debug/interrupt_proc.o
 .mdebug.abi32  0x00000000        0x0 build/default/debug/ramtron_drv.o
 .mdebug.abi32  0x00000000        0x0 build/default/debug/Control.o
 .mdebug.abi32  0x00000000        0x0 c:/program files (x86)/microchip/xc32/v1.44/bin/bin/../../lib/gcc/pic32mx/4.8.3/../../../../pic32mx/lib/fpu64\libpic32.a(default-bootstrap-exception-handler.o)
 .mdebug.abi32  0x00000000        0x0 c:/program files (x86)/microchip/xc32/v1.44/bin/bin/../../lib/gcc/pic32mx/4.8.3/../../../../pic32mx/lib/fpu64\libpic32.a(default-on-reset.o)
 .mdebug.abi32  0x00000000        0x0 c:/program files (x86)/microchip/xc32/v1.44/bin/bin/../../lib/gcc/pic32mx/4.8.3/../../../../pic32mx/lib/fpu64\libpic32.a(default-on-bootstrap.o)
 .mdebug.abi32  0x00000000        0x0 c:/program files (x86)/microchip/xc32/v1.44/bin/bin/../../lib/gcc/pic32mx/4.8.3/../../../../pic32mx/lib/fpu64\libpic32.a(defaultinterrupt.o)
 .mdebug.abi32  0x00000000        0x0 c:/program files (x86)/microchip/xc32/v1.44/bin/bin/../../lib/gcc/pic32mx/4.8.3/../../../../pic32mx/lib/fpu64\libpic32.a(default-general-exception-handler.o)
 .mdebug.abi32  0x00000000        0x0 c:/program files (x86)/microchip/xc32/v1.44/bin/bin/../../lib/gcc/pic32mx/4.8.3/../../../../pic32mx/lib/fpu64\libpic32.a(default-cache-err-exception-handler.o)
 .mdebug.abi32  0x00000000        0x0 c:/program files (x86)/microchip/xc32/v1.44/bin/bin/../../lib/gcc/pic32mx/4.8.3/../../../../pic32mx/lib/fpu64\libpic32.a(default-simple-tlb-refill-exception-handler.o)

.mdebug.abiN32
 *(.mdebug.abiN32)

.mdebug.abi64
 *(.mdebug.abi64)

.mdebug.abiO64
 *(.mdebug.abiO64)

.mdebug.eabi32
 *(.mdebug.eabi32)

.mdebug.eabi64
 *(.mdebug.eabi64)

.gcc_compiled_long32
 *(.gcc_compiled_long32)

.gcc_compiled_long64
 *(.gcc_compiled_long64)

.stab
 *(.stab)

.stabstr
 *(.stabstr)

.stab.excl
 *(.stab.excl)

.stab.exclstr
 *(.stab.exclstr)

.stab.index
 *(.stab.index)

.stab.indexstr
 *(.stab.indexstr)

.comment        0x00000000       0x54
 *(.comment)
 .comment       0x00000000       0x3c c:/program files (x86)/microchip/xc32/v1.44/bin/bin/../../lib/gcc/pic32mx/4.8.3/../../../../pic32mx/lib/fpu64\software-debug-break.o
                                 0x3d (size before relaxing)
 .comment       0x00000000       0x3d build/default/debug/main.o
 .comment       0x00000000       0x3d build/default/debug/init.o
 .comment       0x00000000       0x3d build/default/debug/interupt.o
 .comment       0x00000000       0x3d build/default/debug/modbus.o
 .comment       0x00000000       0x3d build/default/debug/interrupt_proc.o
 .comment       0x00000000       0x3d build/default/debug/ramtron_drv.o
 .comment       0x00000000       0x3d build/default/debug/Control.o
 .comment       0x0000003c       0x18 c:/program files (x86)/microchip/xc32/v1.44/bin/bin/../../lib/gcc/pic32mx/4.8.3/../../../../pic32mx/lib/fpu64\libpic32.a(memset.o)
                                 0x19 (size before relaxing)
 .comment       0x00000000       0x3d c:/program files (x86)/microchip/xc32/v1.44/bin/bin/../../lib/gcc/pic32mx/4.8.3/../../../../pic32mx/lib/fpu64\libpic32.a(default-bootstrap-exception-handler.o)
 .comment       0x00000000       0x3d c:/program files (x86)/microchip/xc32/v1.44/bin/bin/../../lib/gcc/pic32mx/4.8.3/../../../../pic32mx/lib/fpu64\libpic32.a(default-on-reset.o)
 .comment       0x00000000       0x3d c:/program files (x86)/microchip/xc32/v1.44/bin/bin/../../lib/gcc/pic32mx/4.8.3/../../../../pic32mx/lib/fpu64\libpic32.a(default-on-bootstrap.o)
 .comment       0x00000000       0x3d c:/program files (x86)/microchip/xc32/v1.44/bin/bin/../../lib/gcc/pic32mx/4.8.3/../../../../pic32mx/lib/fpu64\libpic32.a(defaultinterrupt.o)
 .comment       0x00000000       0x3d c:/program files (x86)/microchip/xc32/v1.44/bin/bin/../../lib/gcc/pic32mx/4.8.3/../../../../pic32mx/lib/fpu64\libpic32.a(default-general-exception-handler.o)
 .comment       0x00000000       0x3d c:/program files (x86)/microchip/xc32/v1.44/bin/bin/../../lib/gcc/pic32mx/4.8.3/../../../../pic32mx/lib/fpu64\libpic32.a(default-cache-err-exception-handler.o)
 .comment       0x00000000       0x3d c:/program files (x86)/microchip/xc32/v1.44/bin/bin/../../lib/gcc/pic32mx/4.8.3/../../../../pic32mx/lib/fpu64\libpic32.a(default-simple-tlb-refill-exception-handler.o)

.debug
 *.elf(.debug)
 *(.debug)

.line
 *.elf(.line)
 *(.line)

.debug_srcinfo
 *.elf(.debug_srcinfo)
 *(.debug_srcinfo)

.debug_sfnames
 *.elf(.debug_sfnames)
 *(.debug_sfnames)

.debug_aranges  0x00000000      0x260
 *.elf(.debug_aranges)
 *(.debug_aranges)
 .debug_aranges
                0x00000000       0x20 c:/program files (x86)/microchip/xc32/v1.44/bin/bin/../../lib/gcc/pic32mx/4.8.3/../../../../pic32mx/lib/fpu64\software-debug-break.o
 .debug_aranges
                0x00000020       0x20 build/default/debug/main.o
 .debug_aranges
                0x00000040       0x20 build/default/debug/init.o
 .debug_aranges
                0x00000060       0xa0 build/default/debug/interupt.o
 .debug_aranges
                0x00000100       0x20 build/default/debug/modbus.o
 .debug_aranges
                0x00000120       0x20 build/default/debug/interrupt_proc.o
 .debug_aranges
                0x00000140       0x20 build/default/debug/ramtron_drv.o
 .debug_aranges
                0x00000160       0x20 build/default/debug/Control.o
 .debug_aranges
                0x00000180       0x20 c:/program files (x86)/microchip/xc32/v1.44/bin/bin/../../lib/gcc/pic32mx/4.8.3/../../../../pic32mx/lib/fpu64\libpic32.a(default-bootstrap-exception-handler.o)
 .debug_aranges
                0x000001a0       0x20 c:/program files (x86)/microchip/xc32/v1.44/bin/bin/../../lib/gcc/pic32mx/4.8.3/../../../../pic32mx/lib/fpu64\libpic32.a(default-on-reset.o)
 .debug_aranges
                0x000001c0       0x20 c:/program files (x86)/microchip/xc32/v1.44/bin/bin/../../lib/gcc/pic32mx/4.8.3/../../../../pic32mx/lib/fpu64\libpic32.a(default-on-bootstrap.o)
 .debug_aranges
                0x000001e0       0x20 c:/program files (x86)/microchip/xc32/v1.44/bin/bin/../../lib/gcc/pic32mx/4.8.3/../../../../pic32mx/lib/fpu64\libpic32.a(defaultinterrupt.o)
 .debug_aranges
                0x00000200       0x20 c:/program files (x86)/microchip/xc32/v1.44/bin/bin/../../lib/gcc/pic32mx/4.8.3/../../../../pic32mx/lib/fpu64\libpic32.a(default-general-exception-handler.o)
 .debug_aranges
                0x00000220       0x20 c:/program files (x86)/microchip/xc32/v1.44/bin/bin/../../lib/gcc/pic32mx/4.8.3/../../../../pic32mx/lib/fpu64\libpic32.a(default-cache-err-exception-handler.o)
 .debug_aranges
                0x00000240       0x20 c:/program files (x86)/microchip/xc32/v1.44/bin/bin/../../lib/gcc/pic32mx/4.8.3/../../../../pic32mx/lib/fpu64\libpic32.a(default-simple-tlb-refill-exception-handler.o)

.debug_pubnames
 *.elf(.debug_pubnames)
 *(.debug_pubnames)

.debug_info     0x00000000    0x1cab3
 *.elf(.debug_info .gnu.linkonce.wi.*)
 *(.debug_info .gnu.linkonce.wi.*)
 .debug_info    0x00000000       0xe4 c:/program files (x86)/microchip/xc32/v1.44/bin/bin/../../lib/gcc/pic32mx/4.8.3/../../../../pic32mx/lib/fpu64\software-debug-break.o
 .debug_info    0x000000e4     0x356b build/default/debug/main.o
 .debug_info    0x0000364f     0x635b build/default/debug/init.o
 .debug_info    0x000099aa     0x398f build/default/debug/interupt.o
 .debug_info    0x0000d339     0x6967 build/default/debug/modbus.o
 .debug_info    0x00013ca0     0x36d3 build/default/debug/interrupt_proc.o
 .debug_info    0x00017373     0x13fc build/default/debug/ramtron_drv.o
 .debug_info    0x0001876f     0x3cd8 build/default/debug/Control.o
 .debug_info    0x0001c447       0xf5 c:/program files (x86)/microchip/xc32/v1.44/bin/bin/../../lib/gcc/pic32mx/4.8.3/../../../../pic32mx/lib/fpu64\libpic32.a(default-bootstrap-exception-handler.o)
 .debug_info    0x0001c53c       0xce c:/program files (x86)/microchip/xc32/v1.44/bin/bin/../../lib/gcc/pic32mx/4.8.3/../../../../pic32mx/lib/fpu64\libpic32.a(default-on-reset.o)
 .debug_info    0x0001c60a       0xd6 c:/program files (x86)/microchip/xc32/v1.44/bin/bin/../../lib/gcc/pic32mx/4.8.3/../../../../pic32mx/lib/fpu64\libpic32.a(default-on-bootstrap.o)
 .debug_info    0x0001c6e0       0xe8 c:/program files (x86)/microchip/xc32/v1.44/bin/bin/../../lib/gcc/pic32mx/4.8.3/../../../../pic32mx/lib/fpu64\libpic32.a(defaultinterrupt.o)
 .debug_info    0x0001c7c8       0xf1 c:/program files (x86)/microchip/xc32/v1.44/bin/bin/../../lib/gcc/pic32mx/4.8.3/../../../../pic32mx/lib/fpu64\libpic32.a(default-general-exception-handler.o)
 .debug_info    0x0001c8b9       0xf5 c:/program files (x86)/microchip/xc32/v1.44/bin/bin/../../lib/gcc/pic32mx/4.8.3/../../../../pic32mx/lib/fpu64\libpic32.a(default-cache-err-exception-handler.o)
 .debug_info    0x0001c9ae      0x105 c:/program files (x86)/microchip/xc32/v1.44/bin/bin/../../lib/gcc/pic32mx/4.8.3/../../../../pic32mx/lib/fpu64\libpic32.a(default-simple-tlb-refill-exception-handler.o)

.debug_abbrev   0x00000000     0x141f
 *.elf(.debug_abbrev)
 *(.debug_abbrev)
 .debug_abbrev  0x00000000       0x28 c:/program files (x86)/microchip/xc32/v1.44/bin/bin/../../lib/gcc/pic32mx/4.8.3/../../../../pic32mx/lib/fpu64\software-debug-break.o
 .debug_abbrev  0x00000028      0x254 build/default/debug/main.o
 .debug_abbrev  0x0000027c      0x23c build/default/debug/init.o
 .debug_abbrev  0x000004b8      0x1ba build/default/debug/interupt.o
 .debug_abbrev  0x00000672      0x3bb build/default/debug/modbus.o
 .debug_abbrev  0x00000a2d      0x2cc build/default/debug/interrupt_proc.o
 .debug_abbrev  0x00000cf9      0x2a4 build/default/debug/ramtron_drv.o
 .debug_abbrev  0x00000f9d      0x36a build/default/debug/Control.o
 .debug_abbrev  0x00001307       0x28 c:/program files (x86)/microchip/xc32/v1.44/bin/bin/../../lib/gcc/pic32mx/4.8.3/../../../../pic32mx/lib/fpu64\libpic32.a(default-bootstrap-exception-handler.o)
 .debug_abbrev  0x0000132f       0x28 c:/program files (x86)/microchip/xc32/v1.44/bin/bin/../../lib/gcc/pic32mx/4.8.3/../../../../pic32mx/lib/fpu64\libpic32.a(default-on-reset.o)
 .debug_abbrev  0x00001357       0x28 c:/program files (x86)/microchip/xc32/v1.44/bin/bin/../../lib/gcc/pic32mx/4.8.3/../../../../pic32mx/lib/fpu64\libpic32.a(default-on-bootstrap.o)
 .debug_abbrev  0x0000137f       0x28 c:/program files (x86)/microchip/xc32/v1.44/bin/bin/../../lib/gcc/pic32mx/4.8.3/../../../../pic32mx/lib/fpu64\libpic32.a(defaultinterrupt.o)
 .debug_abbrev  0x000013a7       0x28 c:/program files (x86)/microchip/xc32/v1.44/bin/bin/../../lib/gcc/pic32mx/4.8.3/../../../../pic32mx/lib/fpu64\libpic32.a(default-general-exception-handler.o)
 .debug_abbrev  0x000013cf       0x28 c:/program files (x86)/microchip/xc32/v1.44/bin/bin/../../lib/gcc/pic32mx/4.8.3/../../../../pic32mx/lib/fpu64\libpic32.a(default-cache-err-exception-handler.o)
 .debug_abbrev  0x000013f7       0x28 c:/program files (x86)/microchip/xc32/v1.44/bin/bin/../../lib/gcc/pic32mx/4.8.3/../../../../pic32mx/lib/fpu64\libpic32.a(default-simple-tlb-refill-exception-handler.o)

.debug_line     0x00000000     0x1c81
 *.elf(.debug_line)
 *(.debug_line)
 .debug_line    0x00000000       0x9a c:/program files (x86)/microchip/xc32/v1.44/bin/bin/../../lib/gcc/pic32mx/4.8.3/../../../../pic32mx/lib/fpu64\software-debug-break.o
 .debug_line    0x0000009a       0xd7 build/default/debug/main.o
 .debug_line    0x00000171      0x25f build/default/debug/init.o
 .debug_line    0x000003d0      0x2b6 build/default/debug/interupt.o
 .debug_line    0x00000686      0x691 build/default/debug/modbus.o
 .debug_line    0x00000d17      0x2a8 build/default/debug/interrupt_proc.o
 .debug_line    0x00000fbf      0x25a build/default/debug/ramtron_drv.o
 .debug_line    0x00001219      0x5f4 build/default/debug/Control.o
 .debug_line    0x0000180d       0xa7 c:/program files (x86)/microchip/xc32/v1.44/bin/bin/../../lib/gcc/pic32mx/4.8.3/../../../../pic32mx/lib/fpu64\libpic32.a(default-bootstrap-exception-handler.o)
 .debug_line    0x000018b4       0x94 c:/program files (x86)/microchip/xc32/v1.44/bin/bin/../../lib/gcc/pic32mx/4.8.3/../../../../pic32mx/lib/fpu64\libpic32.a(default-on-reset.o)
 .debug_line    0x00001948       0x98 c:/program files (x86)/microchip/xc32/v1.44/bin/bin/../../lib/gcc/pic32mx/4.8.3/../../../../pic32mx/lib/fpu64\libpic32.a(default-on-bootstrap.o)
 .debug_line    0x000019e0       0xa6 c:/program files (x86)/microchip/xc32/v1.44/bin/bin/../../lib/gcc/pic32mx/4.8.3/../../../../pic32mx/lib/fpu64\libpic32.a(defaultinterrupt.o)
 .debug_line    0x00001a86       0xa5 c:/program files (x86)/microchip/xc32/v1.44/bin/bin/../../lib/gcc/pic32mx/4.8.3/../../../../pic32mx/lib/fpu64\libpic32.a(default-general-exception-handler.o)
 .debug_line    0x00001b2b       0xa7 c:/program files (x86)/microchip/xc32/v1.44/bin/bin/../../lib/gcc/pic32mx/4.8.3/../../../../pic32mx/lib/fpu64\libpic32.a(default-cache-err-exception-handler.o)
 .debug_line    0x00001bd2       0xaf c:/program files (x86)/microchip/xc32/v1.44/bin/bin/../../lib/gcc/pic32mx/4.8.3/../../../../pic32mx/lib/fpu64\libpic32.a(default-simple-tlb-refill-exception-handler.o)

.debug_frame    0x00000000     0x12d0
 *.elf(.debug_frame)
 *(.debug_frame)
 .debug_frame   0x00000000       0x20 c:/program files (x86)/microchip/xc32/v1.44/bin/bin/../../lib/gcc/pic32mx/4.8.3/../../../../pic32mx/lib/fpu64\software-debug-break.o
 .debug_frame   0x00000020       0x2c build/default/debug/main.o
 .debug_frame   0x0000004c      0x210 build/default/debug/init.o
 .debug_frame   0x0000025c      0x5b8 build/default/debug/interupt.o
 .debug_frame   0x00000814      0x32c build/default/debug/modbus.o
 .debug_frame   0x00000b40      0x210 build/default/debug/interrupt_proc.o
 .debug_frame   0x00000d50      0x248 build/default/debug/ramtron_drv.o
 .debug_frame   0x00000f98      0x228 build/default/debug/Control.o
 .debug_frame   0x000011c0       0x2c c:/program files (x86)/microchip/xc32/v1.44/bin/bin/../../lib/gcc/pic32mx/4.8.3/../../../../pic32mx/lib/fpu64\libpic32.a(default-bootstrap-exception-handler.o)
 .debug_frame   0x000011ec       0x20 c:/program files (x86)/microchip/xc32/v1.44/bin/bin/../../lib/gcc/pic32mx/4.8.3/../../../../pic32mx/lib/fpu64\libpic32.a(default-on-reset.o)
 .debug_frame   0x0000120c       0x20 c:/program files (x86)/microchip/xc32/v1.44/bin/bin/../../lib/gcc/pic32mx/4.8.3/../../../../pic32mx/lib/fpu64\libpic32.a(default-on-bootstrap.o)
 .debug_frame   0x0000122c       0x20 c:/program files (x86)/microchip/xc32/v1.44/bin/bin/../../lib/gcc/pic32mx/4.8.3/../../../../pic32mx/lib/fpu64\libpic32.a(defaultinterrupt.o)
 .debug_frame   0x0000124c       0x2c c:/program files (x86)/microchip/xc32/v1.44/bin/bin/../../lib/gcc/pic32mx/4.8.3/../../../../pic32mx/lib/fpu64\libpic32.a(default-general-exception-handler.o)
 .debug_frame   0x00001278       0x2c c:/program files (x86)/microchip/xc32/v1.44/bin/bin/../../lib/gcc/pic32mx/4.8.3/../../../../pic32mx/lib/fpu64\libpic32.a(default-cache-err-exception-handler.o)
 .debug_frame   0x000012a4       0x2c c:/program files (x86)/microchip/xc32/v1.44/bin/bin/../../lib/gcc/pic32mx/4.8.3/../../../../pic32mx/lib/fpu64\libpic32.a(default-simple-tlb-refill-exception-handler.o)

.debug_str      0x00000000      0xe3d
 *.elf(.debug_str)
 *(.debug_str)
 .debug_str     0x00000000        0x0 c:/program files (x86)/microchip/xc32/v1.44/bin/bin/../../lib/gcc/pic32mx/4.8.3/../../../../pic32mx/lib/fpu64\software-debug-break.o
 .debug_str     0x00000000      0x287 build/default/debug/main.o
 .debug_str     0x00000287      0x282 build/default/debug/init.o
 .debug_str     0x00000509      0x25a build/default/debug/interupt.o
 .debug_str     0x00000763      0x39c build/default/debug/modbus.o
 .debug_str     0x00000aff      0x242 build/default/debug/interrupt_proc.o
 .debug_str     0x00000d41        0x7 build/default/debug/ramtron_drv.o
 .debug_str     0x00000d48       0xf5 build/default/debug/Control.o
 .debug_str     0x00000e3d        0x0 c:/program files (x86)/microchip/xc32/v1.44/bin/bin/../../lib/gcc/pic32mx/4.8.3/../../../../pic32mx/lib/fpu64\libpic32.a(default-bootstrap-exception-handler.o)
 .debug_str     0x00000e3d        0x0 c:/program files (x86)/microchip/xc32/v1.44/bin/bin/../../lib/gcc/pic32mx/4.8.3/../../../../pic32mx/lib/fpu64\libpic32.a(default-on-reset.o)
 .debug_str     0x00000e3d        0x0 c:/program files (x86)/microchip/xc32/v1.44/bin/bin/../../lib/gcc/pic32mx/4.8.3/../../../../pic32mx/lib/fpu64\libpic32.a(default-on-bootstrap.o)
 .debug_str     0x00000e3d        0x0 c:/program files (x86)/microchip/xc32/v1.44/bin/bin/../../lib/gcc/pic32mx/4.8.3/../../../../pic32mx/lib/fpu64\libpic32.a(defaultinterrupt.o)
 .debug_str     0x00000e3d        0x0 c:/program files (x86)/microchip/xc32/v1.44/bin/bin/../../lib/gcc/pic32mx/4.8.3/../../../../pic32mx/lib/fpu64\libpic32.a(default-general-exception-handler.o)
 .debug_str     0x00000e3d        0x0 c:/program files (x86)/microchip/xc32/v1.44/bin/bin/../../lib/gcc/pic32mx/4.8.3/../../../../pic32mx/lib/fpu64\libpic32.a(default-cache-err-exception-handler.o)
 .debug_str     0x00000e3d        0x0 c:/program files (x86)/microchip/xc32/v1.44/bin/bin/../../lib/gcc/pic32mx/4.8.3/../../../../pic32mx/lib/fpu64\libpic32.a(default-simple-tlb-refill-exception-handler.o)

.debug_loc      0x00000000     0x4d38
 *.elf(.debug_loc)
 *(.debug_loc)
 .debug_loc     0x00000000       0x2c build/default/debug/main.o
 .debug_loc     0x0000002c      0x70f build/default/debug/init.o
 .debug_loc     0x0000073b      0x41c build/default/debug/interupt.o
 .debug_loc     0x00000b57     0x169f build/default/debug/modbus.o
 .debug_loc     0x000021f6      0x997 build/default/debug/interrupt_proc.o
 .debug_loc     0x00002b8d      0x997 build/default/debug/ramtron_drv.o
 .debug_loc     0x00003524     0x1764 build/default/debug/Control.o
 .debug_loc     0x00004c88       0x2c c:/program files (x86)/microchip/xc32/v1.44/bin/bin/../../lib/gcc/pic32mx/4.8.3/../../../../pic32mx/lib/fpu64\libpic32.a(default-bootstrap-exception-handler.o)
 .debug_loc     0x00004cb4       0x2c c:/program files (x86)/microchip/xc32/v1.44/bin/bin/../../lib/gcc/pic32mx/4.8.3/../../../../pic32mx/lib/fpu64\libpic32.a(default-general-exception-handler.o)
 .debug_loc     0x00004ce0       0x2c c:/program files (x86)/microchip/xc32/v1.44/bin/bin/../../lib/gcc/pic32mx/4.8.3/../../../../pic32mx/lib/fpu64\libpic32.a(default-cache-err-exception-handler.o)
 .debug_loc     0x00004d0c       0x2c c:/program files (x86)/microchip/xc32/v1.44/bin/bin/../../lib/gcc/pic32mx/4.8.3/../../../../pic32mx/lib/fpu64\libpic32.a(default-simple-tlb-refill-exception-handler.o)

.debug_macinfo
 *.elf(.debug_macinfo)
 *(.debug_macinfo)

.debug_weaknames
 *.elf(.debug_weaknames)
 *(.debug_weaknames)

.debug_funcnames
 *.elf(.debug_funcnames)
 *(.debug_funcnames)

.debug_typenames
 *.elf(.debug_typenames)
 *(.debug_typenames)

.debug_varnames
 *.elf(.debug_varnames)
 *(.debug_varnames)

.debug_pubtypes
 *.elf(.debug_pubtypes)
 *(.debug_pubtypes)

.debug_ranges   0x00000000      0x110
 *.elf(.debug_ranges)
 *(.debug_ranges)